../Core/Src/LED_Handler.c:30:6:initLightingConfig	8	static
../Core/Src/LED_Handler.c:65:6:updateIdleLightingConfig	24	static
../Core/Src/LED_Handler.c:76:6:updateButtonPressLightingConfig	24	static
../Core/Src/LED_Handler.c:102:6:updateBulkLightSettings	40	static
../Core/Src/LED_Handler.c:134:6:UpdateLightingConfiguration	24	static
../Core/Src/LED_Handler.c:184:6:UpdateButtonConfiguration	24	static
../Core/Src/LED_Handler.c:196:7:lerp	24	static
../Core/Src/LED_Handler.c:200:19:LightingHandler	64	static
