../Core/Src/stm32f0xx_it.c:72:6:NMI_Handler	8	static
../Core/Src/stm32f0xx_it.c:87:6:HardFault_Handler	8	static
../Core/Src/stm32f0xx_it.c:102:6:SVC_Handler	8	static
../Core/Src/stm32f0xx_it.c:115:6:PendSV_Handler	8	static
../Core/Src/stm32f0xx_it.c:128:6:SysTick_Handler	8	static
../Core/Src/stm32f0xx_it.c:149:6:EXTI4_15_IRQHandler	8	static
../Core/Src/stm32f0xx_it.c:164:6:TIM6_IRQHandler	8	static
../Core/Src/stm32f0xx_it.c:178:6:I2C1_IRQHandler	8	static
../Core/Src/stm32f0xx_it.c:196:6:USB_IRQHandler	8	static
