Archive member included to satisfy reference by file (symbol)

C:/ST/STM32CubeIDE_1.10.1/STM32CubeIDE/plugins/com.st.stm32cube.ide.mcu.externaltools.gnu-tools-for-stm32.11.3.rel1.win32_1.1.0.202305231506/tools/bin/../lib/gcc/arm-none-eabi/11.3.1/../../../../arm-none-eabi/lib/thumb/v6-m/nofp\libm.a(libm_a-wf_fmod.o)
                              ./Core/Src/LED_Handler.o (fmodf)
C:/ST/STM32CubeIDE_1.10.1/STM32CubeIDE/plugins/com.st.stm32cube.ide.mcu.externaltools.gnu-tools-for-stm32.11.3.rel1.win32_1.1.0.202305231506/tools/bin/../lib/gcc/arm-none-eabi/11.3.1/../../../../arm-none-eabi/lib/thumb/v6-m/nofp\libm.a(libm_a-ef_fmod.o)
                              C:/ST/STM32CubeIDE_1.10.1/STM32CubeIDE/plugins/com.st.stm32cube.ide.mcu.externaltools.gnu-tools-for-stm32.11.3.rel1.win32_1.1.0.202305231506/tools/bin/../lib/gcc/arm-none-eabi/11.3.1/../../../../arm-none-eabi/lib/thumb/v6-m/nofp\libm.a(libm_a-wf_fmod.o) (__ieee754_fmodf)
C:/ST/STM32CubeIDE_1.10.1/STM32CubeIDE/plugins/com.st.stm32cube.ide.mcu.externaltools.gnu-tools-for-stm32.11.3.rel1.win32_1.1.0.202305231506/tools/bin/../lib/gcc/arm-none-eabi/11.3.1/../../../../arm-none-eabi/lib/thumb/v6-m/nofp\libc_nano.a(libc_a-exit.o)
                              C:/ST/STM32CubeIDE_1.10.1/STM32CubeIDE/plugins/com.st.stm32cube.ide.mcu.externaltools.gnu-tools-for-stm32.11.3.rel1.win32_1.1.0.202305231506/tools/bin/../lib/gcc/arm-none-eabi/11.3.1/../../../../arm-none-eabi/lib/thumb/v6-m/nofp/crt0.o (exit)
C:/ST/STM32CubeIDE_1.10.1/STM32CubeIDE/plugins/com.st.stm32cube.ide.mcu.externaltools.gnu-tools-for-stm32.11.3.rel1.win32_1.1.0.202305231506/tools/bin/../lib/gcc/arm-none-eabi/11.3.1/../../../../arm-none-eabi/lib/thumb/v6-m/nofp\libc_nano.a(libc_a-findfp.o)
                              C:/ST/STM32CubeIDE_1.10.1/STM32CubeIDE/plugins/com.st.stm32cube.ide.mcu.externaltools.gnu-tools-for-stm32.11.3.rel1.win32_1.1.0.202305231506/tools/bin/../lib/gcc/arm-none-eabi/11.3.1/../../../../arm-none-eabi/lib/thumb/v6-m/nofp\libc_nano.a(libc_a-exit.o) (__stdio_exit_handler)
C:/ST/STM32CubeIDE_1.10.1/STM32CubeIDE/plugins/com.st.stm32cube.ide.mcu.externaltools.gnu-tools-for-stm32.11.3.rel1.win32_1.1.0.202305231506/tools/bin/../lib/gcc/arm-none-eabi/11.3.1/../../../../arm-none-eabi/lib/thumb/v6-m/nofp\libc_nano.a(libc_a-fwalk.o)
                              C:/ST/STM32CubeIDE_1.10.1/STM32CubeIDE/plugins/com.st.stm32cube.ide.mcu.externaltools.gnu-tools-for-stm32.11.3.rel1.win32_1.1.0.202305231506/tools/bin/../lib/gcc/arm-none-eabi/11.3.1/../../../../arm-none-eabi/lib/thumb/v6-m/nofp\libc_nano.a(libc_a-findfp.o) (_fwalk_sglue)
C:/ST/STM32CubeIDE_1.10.1/STM32CubeIDE/plugins/com.st.stm32cube.ide.mcu.externaltools.gnu-tools-for-stm32.11.3.rel1.win32_1.1.0.202305231506/tools/bin/../lib/gcc/arm-none-eabi/11.3.1/../../../../arm-none-eabi/lib/thumb/v6-m/nofp\libc_nano.a(libc_a-stdio.o)
                              C:/ST/STM32CubeIDE_1.10.1/STM32CubeIDE/plugins/com.st.stm32cube.ide.mcu.externaltools.gnu-tools-for-stm32.11.3.rel1.win32_1.1.0.202305231506/tools/bin/../lib/gcc/arm-none-eabi/11.3.1/../../../../arm-none-eabi/lib/thumb/v6-m/nofp\libc_nano.a(libc_a-findfp.o) (__sread)
C:/ST/STM32CubeIDE_1.10.1/STM32CubeIDE/plugins/com.st.stm32cube.ide.mcu.externaltools.gnu-tools-for-stm32.11.3.rel1.win32_1.1.0.202305231506/tools/bin/../lib/gcc/arm-none-eabi/11.3.1/../../../../arm-none-eabi/lib/thumb/v6-m/nofp\libc_nano.a(libc_a-memset.o)
                              C:/ST/STM32CubeIDE_1.10.1/STM32CubeIDE/plugins/com.st.stm32cube.ide.mcu.externaltools.gnu-tools-for-stm32.11.3.rel1.win32_1.1.0.202305231506/tools/bin/../lib/gcc/arm-none-eabi/11.3.1/../../../../arm-none-eabi/lib/thumb/v6-m/nofp/crt0.o (memset)
C:/ST/STM32CubeIDE_1.10.1/STM32CubeIDE/plugins/com.st.stm32cube.ide.mcu.externaltools.gnu-tools-for-stm32.11.3.rel1.win32_1.1.0.202305231506/tools/bin/../lib/gcc/arm-none-eabi/11.3.1/../../../../arm-none-eabi/lib/thumb/v6-m/nofp\libc_nano.a(libc_a-closer.o)
                              C:/ST/STM32CubeIDE_1.10.1/STM32CubeIDE/plugins/com.st.stm32cube.ide.mcu.externaltools.gnu-tools-for-stm32.11.3.rel1.win32_1.1.0.202305231506/tools/bin/../lib/gcc/arm-none-eabi/11.3.1/../../../../arm-none-eabi/lib/thumb/v6-m/nofp\libc_nano.a(libc_a-stdio.o) (_close_r)
C:/ST/STM32CubeIDE_1.10.1/STM32CubeIDE/plugins/com.st.stm32cube.ide.mcu.externaltools.gnu-tools-for-stm32.11.3.rel1.win32_1.1.0.202305231506/tools/bin/../lib/gcc/arm-none-eabi/11.3.1/../../../../arm-none-eabi/lib/thumb/v6-m/nofp\libc_nano.a(libc_a-reent.o)
                              C:/ST/STM32CubeIDE_1.10.1/STM32CubeIDE/plugins/com.st.stm32cube.ide.mcu.externaltools.gnu-tools-for-stm32.11.3.rel1.win32_1.1.0.202305231506/tools/bin/../lib/gcc/arm-none-eabi/11.3.1/../../../../arm-none-eabi/lib/thumb/v6-m/nofp\libc_nano.a(libc_a-closer.o) (errno)
[...]
Memory Configuration

Name             Origin             Length             Attributes
RAM              0x0000000020000000 0x0000000000004000 xrw
FLASH            0x0000000008000000 0x0000000000020000 xr
*default*        0x0000000000000000 0xffffffffffffffff

Linker script and memory map

LOAD C:/ST/STM32CubeIDE_1.10.1/STM32CubeIDE/plugins/com.st.stm32cube.ide.mcu.externaltools.gnu-tools-for-stm32.11.3.rel1.win32_1.1.0.202305231506/tools/bin/../lib/gcc/arm-none-eabi/11.3.1/thumb/v6-m/nofp/crti.o
LOAD C:/ST/STM32CubeIDE_1.10.1/STM32CubeIDE/plugins/com.st.stm32cube.ide.mcu.externaltools.gnu-tools-for-stm32.11.3.rel1.win32_1.1.0.202305231506/tools/bin/../lib/gcc/arm-none-eabi/11.3.1/thumb/v6-m/nofp/crtbegin.o
LOAD C:/ST/STM32CubeIDE_1.10.1/STM32CubeIDE/plugins/com.st.stm32cube.ide.mcu.externaltools.gnu-tools-for-stm32.11.3.rel1.win32_1.1.0.202305231506/tools/bin/../lib/gcc/arm-none-eabi/11.3.1/../../../../arm-none-eabi/lib/thumb/v6-m/nofp/crt0.o
LOAD ./Core/Src/LED_Handler.o
LOAD ./Core/Src/LP5024_Driver.o
LOAD ./Core/Src/buttonHandler.o
LOAD ./Core/Src/main.o
LOAD ./Core/Src/stm32f0xx_hal_msp.o
LOAD ./Core/Src/stm32f0xx_it.o
LOAD ./Core/Src/syscalls.o
LOAD ./Core/Src/sysmem.o
LOAD ./Core/Src/system_stm32f0xx.o
LOAD ./Core/Startup/startup_stm32f070cbtx.o
LOAD ./Drivers/STM32F0xx_HAL_Driver/Src/stm32f0xx_hal.o
LOAD ./Drivers/STM32F0xx_HAL_Driver/Src/stm32f0xx_hal_cortex.o
LOAD ./Drivers/STM32F0xx_HAL_Driver/Src/stm32f0xx_hal_dma.o
LOAD ./Drivers/STM32F0xx_HAL_Driver/Src/stm32f0xx_hal_exti.o
LOAD ./Drivers/STM32F0xx_HAL_Driver/Src/stm32f0xx_hal_flash.o
LOAD ./Drivers/STM32F0xx_HAL_Driver/Src/stm32f0xx_hal_flash_ex.o
LOAD ./Drivers/STM32F0xx_HAL_Driver/Src/stm32f0xx_hal_gpio.o
LOAD ./Drivers/STM32F0xx_HAL_Driver/Src/stm32f0xx_hal_i2c.o
LOAD ./Drivers/STM32F0xx_HAL_Driver/Src/stm32f0xx_hal_i2c_ex.o
LOAD ./Drivers/STM32F0xx_HAL_Driver/Src/stm32f0xx_hal_pcd.o
LOAD ./Drivers/STM32F0xx_HAL_Driver/Src/stm32f0xx_hal_pcd_ex.o
LOAD ./Drivers/STM32F0xx_HAL_Driver/Src/stm32f0xx_hal_pwr.o
LOAD ./Drivers/STM32F0xx_HAL_Driver/Src/stm32f0xx_hal_pwr_ex.o
LOAD ./Drivers/STM32F0xx_HAL_Driver/Src/stm32f0xx_hal_rcc.o
LOAD ./Drivers/STM32F0xx_HAL_Driver/Src/stm32f0xx_hal_rcc_ex.o
LOAD ./Drivers/STM32F0xx_HAL_Driver/Src/stm32f0xx_hal_tim.o
LOAD ./Drivers/STM32F0xx_HAL_Driver/Src/stm32f0xx_hal_tim_ex.o
LOAD ./Drivers/STM32F0xx_HAL_Driver/Src/stm32f0xx_ll_usb.o
LOAD ./Middlewares/ST/STM32_USB_Device_Library/Class/CustomHID/Src/usbd_customhid.o
LOAD ./Middlewares/ST/STM32_USB_Device_Library/Core/Src/usbd_core.o
LOAD ./Middlewares/ST/STM32_USB_Device_Library/Core/Src/usbd_ctlreq.o
LOAD ./Middlewares/ST/STM32_USB_Device_Library/Core/Src/usbd_ioreq.o
LOAD ./USB_DEVICE/App/usb_device.o
LOAD ./USB_DEVICE/App/usbd_custom_hid_if.o
LOAD ./USB_DEVICE/App/usbd_desc.o
LOAD ./USB_DEVICE/Target/usbd_conf.o
START GROUP
LOAD C:/ST/STM32CubeIDE_1.10.1/STM32CubeIDE/plugins/com.st.stm32cube.ide.mcu.externaltools.gnu-tools-for-stm32.11.3.rel1.win32_1.1.0.202305231506/tools/bin/../lib/gcc/arm-none-eabi/11.3.1/../../../../arm-none-eabi/lib/thumb/v6-m/nofp\libstdc++_nano.a
LOAD C:/ST/STM32CubeIDE_1.10.1/STM32CubeIDE/plugins/com.st.stm32cube.ide.mcu.externaltools.gnu-tools-for-stm32.11.3.rel1.win32_1.1.0.202305231506/tools/bin/../lib/gcc/arm-none-eabi/11.3.1/../../../../arm-none-eabi/lib/thumb/v6-m/nofp\libsupc++_nano.a
END GROUP
LOAD C:/ST/STM32CubeIDE_1.10.1/STM32CubeIDE/plugins/com.st.stm32cube.ide.mcu.externaltools.gnu-tools-for-stm32.11.3.rel1.win32_1.1.0.202305231506/tools/bin/../lib/gcc/arm-none-eabi/11.3.1/../../../../arm-none-eabi/lib/thumb/v6-m/nofp\libstdc++_nano.a
LOAD C:/ST/STM32CubeIDE_1.10.1/STM32CubeIDE/plugins/com.st.stm32cube.ide.mcu.externaltools.gnu-tools-for-stm32.11.3.rel1.win32_1.1.0.202305231506/tools/bin/../lib/gcc/arm-none-eabi/11.3.1/../../../../arm-none-eabi/lib/thumb/v6-m/nofp\libm.a
LOAD C:/ST/STM32CubeIDE_1.10.1/STM32CubeIDE/plugins/com.st.stm32cube.ide.mcu.externaltools.gnu-tools-for-stm32.11.3.rel1.win32_1.1.0.202305231506/tools/bin/../lib/gcc/arm-none-eabi/11.3.1/../../../../arm-none-eabi/lib/thumb/v6-m/nofp\libc_nano.a
START GROUP
LOAD C:/ST/STM32CubeIDE_1.10.1/STM32CubeIDE/plugins/com.st.stm32cube.ide.mcu.externaltools.gnu-tools-for-stm32.11.3.rel1.win32_1.1.0.202305231506/tools/bin/../lib/gcc/arm-none-eabi/11.3.1/thumb/v6-m/nofp\libgcc.a
LOAD C:/ST/STM32CubeIDE_1.10.1/STM32CubeIDE/plugins/com.st.stm32cube.ide.mcu.externaltools.gnu-tools-for-stm32.11.3.rel1.win32_1.1.0.202305231506/tools/bin/../lib/gcc/arm-none-eabi/11.3.1/../../../../arm-none-eabi/lib/thumb/v6-m/nofp\libc_nano.a
END GROUP
START GROUP
LOAD C:/ST/STM32CubeIDE_1.10.1/STM32CubeIDE/plugins/com.st.stm32cube.ide.mcu.externaltools.gnu-tools-for-stm32.11.3.rel1.win32_1.1.0.202305231506/tools/bin/../lib/gcc/arm-none-eabi/11.3.1/thumb/v6-m/nofp\libgcc.a
LOAD C:/ST/STM32CubeIDE_1.10.1/STM32CubeIDE/plugins/com.st.stm32cube.ide.mcu.externaltools.gnu-tools-for-stm32.11.3.rel1.win32_1.1.0.202305231506/tools/bin/../lib/gcc/arm-none-eabi/11.3.1/../../../../arm-none-eabi/lib/thumb/v6-m/nofp\libc_nano.a
LOAD C:/ST/STM32CubeIDE_1.10.1/STM32CubeIDE/plugins/com.st.stm32cube.ide.mcu.externaltools.gnu-tools-for-stm32.11.3.rel1.win32_1.1.0.202305231506/tools/bin/../lib/gcc/arm-none-eabi/11.3.1/../../../../arm-none-eabi/lib/thumb/v6-m/nofp\libnosys.a
END GROUP
START GROUP
LOAD C:/ST/STM32CubeIDE_1.10.1/STM32CubeIDE/plugins/com.st.stm32cube.ide.mcu.externaltools.gnu-tools-for-stm32.11.3.rel1.win32_1.1.0.202305231506/tools/bin/../lib/gcc/arm-none-eabi/11.3.1/thumb/v6-m/nofp\libgcc.a
LOAD C:/ST/STM32CubeIDE_1.10.1/STM32CubeIDE/plugins/com.st.stm32cube.ide.mcu.externaltools.gnu-tools-for-stm32.11.3.rel1.win32_1.1.0.202305231506/tools/bin/../lib/gcc/arm-none-eabi/11.3.1/../../../../arm-none-eabi/lib/thumb/v6-m/nofp\libc_nano.a
LOAD C:/ST/STM32CubeIDE_1.10.1/STM32CubeIDE/plugins/com.st.stm32cube.ide.mcu.externaltools.gnu-tools-for-stm32.11.3.rel1.win32_1.1.0.202305231506/tools/bin/../lib/gcc/arm-none-eabi/11.3.1/../../../../arm-none-eabi/lib/thumb/v6-m/nofp\libnosys.a
END GROUP
LOAD C:/ST/STM32CubeIDE_1.10.1/STM32CubeIDE/plugins/com.st.stm32cube.ide.mcu.externaltools.gnu-tools-for-stm32.11.3.rel1.win32_1.1.0.202305231506/tools/bin/../lib/gcc/arm-none-eabi/11.3.1/thumb/v6-m/nofp/crtend.o
LOAD C:/ST/STM32CubeIDE_1.10.1/STM32CubeIDE/plugins/com.st.stm32cube.ide.mcu.externaltools.gnu-tools-for-stm32.11.3.rel1.win32_1.1.0.202305231506/tools/bin/../lib/gcc/arm-none-eabi/11.3.1/thumb/v6-m/nofp/crtn.o
                0x0000000020004000                _estack = (ORIGIN (RAM) + LENGTH (RAM))
                0x0000000000000200                _Min_Heap_Size = 0x200
                0x0000000000000400                _Min_Stack_Size = 0x400

.isr_vector     0x0000000008000000       0xc0
                0x0000000008000000                . = ALIGN (0x4)
 *(.isr_vector)
 .isr_vector    0x0000000008000000       0xc0 ./Core/Startup/startup_stm32f070cbtx.o
                0x0000000008000000                g_pfnVectors
                0x00000000080000c0                . = ALIGN (0x4)

.text           0x00000000080000c0     0xbc48
                0x00000000080000c0                . = ALIGN (0x4)
 *(.text)
 .text          0x00000000080000c0       0x48 C:/ST/STM32CubeIDE_1.10.1/STM32CubeIDE/plugins/com.st.stm32cube.ide.mcu.externaltools.gnu-tools-for-stm32.11.3.rel1.win32_1.1.0.202305231506/tools/bin/../lib/gcc/arm-none-eabi/11.3.1/thumb/v6-m/nofp/crtbegin.o
 .text          0x0000000008000108      0x114 C:/ST/STM32CubeIDE_1.10.1/STM32CubeIDE/plugins/com.st.stm32cube.ide.mcu.externaltools.gnu-tools-for-stm32.11.3.rel1.win32_1.1.0.202305231506/tools/bin/../lib/gcc/arm-none-eabi/11.3.1/thumb/v6-m/nofp\libgcc.a(_udivsi3.o)
                0x0000000008000108                __aeabi_uidiv
                0x0000000008000108                __udivsi3
                0x0000000008000214                __aeabi_uidivmod
 .text          0x000000000800021c      0x1d4 C:/ST/STM32CubeIDE_1.10.1/STM32CubeIDE/plugins/com.st.stm32cube.ide.mcu.externaltools.gnu-tools-for-stm32.11.3.rel1.win32_1.1.0.202305231506/tools/bin/../lib/gcc/arm-none-eabi/11.3.1/thumb/v6-m/nofp\libgcc.a(_divsi3.o)
                0x000000000800021c                __divsi3
                0x000000000800021c                __aeabi_idiv
                0x00000000080003e8                __aeabi_idivmod
 .text          0x00000000080003f0        0x4 C:/ST/STM32CubeIDE_1.10.1/STM32CubeIDE/plugins/com.st.stm32cube.ide.mcu.externaltools.gnu-tools-for-stm32.11.3.rel1.win32_1.1.0.202305231506/tools/bin/../lib/gcc/arm-none-eabi/11.3.1/thumb/v6-m/nofp\libgcc.a(_dvmd_tls.o)
                0x00000000080003f0                __aeabi_idiv0
                0x00000000080003f0                __aeabi_ldiv0
 .text          0x00000000080003f4       0x74 C:/ST/STM32CubeIDE_1.10.1/STM32CubeIDE/plugins/com.st.stm32cube.ide.mcu.externaltools.gnu-tools-for-stm32.11.3.rel1.win32_1.1.0.202305231506/tools/bin/../lib/gcc/arm-none-eabi/11.3.1/thumb/v6-m/nofp\libgcc.a(_arm_cmpsf2.o)
                0x00000000080003f4                __aeabi_cfrcmple
                0x00000000080003fc                __aeabi_cfcmpeq
                0x00000000080003fc                __aeabi_cfcmple
                0x000000000800040c                __aeabi_fcmpeq
                0x0000000008000418                __aeabi_fcmplt
                0x000000000800042c                __aeabi_fcmple
                0x0000000008000440                __aeabi_fcmpgt
                0x0000000008000454                __aeabi_fcmpge
 .text          0x0000000008000468      0x340 C:/ST/STM32CubeIDE_1.10.1/STM32CubeIDE/plugins/com.st.stm32cube.ide.mcu.externaltools.gnu-tools-for-stm32.11.3.rel1.win32_1.1.0.202305231506/tools/bin/../lib/gcc/arm-none-eabi/11.3.1/thumb/v6-m/nofp\libgcc.a(addsf3.o)
                0x0000000008000468                __aeabi_fadd
 .text          0x00000000080007a8      0x234 C:/ST/STM32CubeIDE_1.10.1/STM32CubeIDE/plugins/com.st.stm32cube.ide.mcu.externaltools.gnu-tools-for-stm32.11.3.rel1.win32_1.1.0.202305231506/tools/bin/../lib/gcc/arm-none-eabi/11.3.1/thumb/v6-m/nofp\libgcc.a(divsf3.o)
                0x00000000080007a8                __aeabi_fdiv
 .text          0x00000000080009dc       0x4c C:/ST/STM32CubeIDE_1.10.1/STM32CubeIDE/plugins/com.st.stm32cube.ide.mcu.externaltools.gnu-tools-for-stm32.11.3.rel1.win32_1.1.0.202305231506/tools/bin/../lib/gcc/arm-none-eabi/11.3.1/thumb/v6-m/nofp\libgcc.a(eqsf2.o)
                0x00000000080009dc                __eqsf2
                0x00000000080009dc                __nesf2
 .text          0x0000000008000a28       0x8c C:/ST/STM32CubeIDE_1.10.1/STM32CubeIDE/plugins/com.st.stm32cube.ide.mcu.externaltools.gnu-tools-for-stm32.11.3.rel1.win32_1.1.0.202305231506/tools/bin/../lib/gcc/arm-none-eabi/11.3.1/thumb/v6-m/nofp\libgcc.a(gesf2.o)
                0x0000000008000a28                __gesf2
                0x0000000008000a28                __gtsf2
 .text          0x0000000008000ab4       0x88 C:/ST/STM32CubeIDE_1.10.1/STM32CubeIDE/plugins/com.st.stm32cube.ide.mcu.externaltools.gnu-tools-for-stm32.11.3.rel1.win32_1.1.0.202305231506/tools/bin/../lib/gcc/arm-none-eabi/11.3.1/thumb/v6-m/nofp\libgcc.a(lesf2.o)
                0x0000000008000ab4                __ltsf2
                0x0000000008000ab4                __lesf2
 .text          0x0000000008000b3c      0x29c C:/ST/STM32CubeIDE_1.10.1/STM32CubeIDE/plugins/com.st.stm32cube.ide.mcu.externaltools.gnu-tools-for-stm32.11.3.rel1.win32_1.1.0.202305231506/tools/bin/../lib/gcc/arm-none-eabi/11.3.1/thumb/v6-m/nofp\libgcc.a(mulsf3.o)
                0x0000000008000b3c                __aeabi_fmul
 .text          0x0000000008000dd8      0x340 C:/ST/STM32CubeIDE_1.10.1/STM32CubeIDE/plugins/com.st.stm32cube.ide.mcu.externaltools.gnu-tools-for-stm32.11.3.rel1.win32_1.1.0.202305231506/tools/bin/../lib/gcc/arm-none-eabi/11.3.1/thumb/v6-m/nofp\libgcc.a(subsf3.o)
                0x0000000008000dd8                __aeabi_fsub
 .text          0x0000000008001118       0x2c C:/ST/STM32CubeIDE_1.10.1/STM32CubeIDE/plugins/com.st.stm32cube.ide.mcu.externaltools.gnu-tools-for-stm32.11.3.rel1.win32_1.1.0.202305231506/tools/bin/../lib/gcc/arm-none-eabi/11.3.1/thumb/v6-m/nofp\libgcc.a(unordsf2.o)
                0x0000000008001118                __aeabi_fcmpun
 .text          0x0000000008001144       0x40 C:/ST/STM32CubeIDE_1.10.1/STM32CubeIDE/plugins/com.st.stm32cube.ide.mcu.externaltools.gnu-tools-for-stm32.11.3.rel1.win32_1.1.0.202305231506/tools/bin/../lib/gcc/arm-none-eabi/11.3.1/thumb/v6-m/nofp\libgcc.a(fixsfsi.o)
                0x0000000008001144                __aeabi_f2iz
 .text          0x0000000008001184       0xa4 C:/ST/STM32CubeIDE_1.10.1/STM32CubeIDE/plugins/com.st.stm32cube.ide.mcu.externaltools.gnu-tools-for-stm32.11.3.rel1.win32_1.1.0.202305231506/tools/bin/../lib/gcc/arm-none-eabi/11.3.1/thumb/v6-m/nofp\libgcc.a(floatsisf.o)
                0x0000000008001184                __aeabi_i2f
 .text          0x0000000008001228       0x3c C:/ST/STM32CubeIDE_1.10.1/STM32CubeIDE/plugins/com.st.stm32cube.ide.mcu.externaltools.gnu-tools-for-stm32.11.3.rel1.win32_1.1.0.202305231506/tools/bin/../lib/gcc/arm-none-eabi/11.3.1/thumb/v6-m/nofp\libgcc.a(_clzsi2.o)
                0x0000000008001228                __clzsi2
 *(.text*)
 .text.updateBulkLightSettings
                0x0000000008001264      0x128 ./Core/Src/LED_Handler.o
                0x0000000008001264                updateBulkLightSettings
 .text.UpdateLightingConfiguration
                0x000000000800138c       0xc8 ./Core/Src/LED_Handler.o
                0x000000000800138c                UpdateLightingConfiguration
 .text.UpdateButtonConfiguration
                0x0000000008001454       0x2c ./Core/Src/LED_Handler.o
                0x0000000008001454                UpdateButtonConfiguration
 .text.lerp     0x0000000008001480       0x32 ./Core/Src/LED_Handler.o
                0x0000000008001480                lerp
 *fill*         0x00000000080014b2        0x2 
 .text.LightingHandler
                0x00000000080014b4      0xf08 ./Core/Src/LED_Handler.o
                0x00000000080014b4                LightingHandler
 .text.LP5024_Init
                0x00000000080023bc       0x9c ./Core/Src/LP5024_Driver.o
                0x00000000080023bc                LP5024_Init
 .text.LP5024_SetColor
                0x0000000008002458       0x78 ./Core/Src/LP5024_Driver.o
                0x0000000008002458                LP5024_SetColor
 .text.LP5024_SetColor_All
                0x00000000080024d0      0x118 ./Core/Src/LP5024_Driver.o
                0x00000000080024d0                LP5024_SetColor_All
 .text.Adjust_Color_Brightness
                0x00000000080025e8       0x94 ./Core/Src/LP5024_Driver.o
                0x00000000080025e8                Adjust_Color_Brightness
 .text.HSVtoRGB
                0x000000000800267c      0x274 ./Core/Src/LP5024_Driver.o
                0x000000000800267c                HSVtoRGB
 .text.Button_ISR
                0x00000000080028f0       0x28 ./Core/Src/buttonHandler.o
                0x00000000080028f0                Button_ISR
 .text.main     0x0000000008002918      0x100 ./Core/Src/main.o
                0x0000000008002918                main
 .text.SystemClock_Config
                0x0000000008002a18       0xd4 ./Core/Src/main.o
                0x0000000008002a18                SystemClock_Config
 .text.MX_I2C1_Init
                0x0000000008002aec       0x80 ./Core/Src/main.o
 .text.MX_TIM6_Init
                0x0000000008002b6c       0x44 ./Core/Src/main.o
 .text.MX_GPIO_Init
                0x0000000008002bb0      0x124 ./Core/Src/main.o
 .text.HAL_TIM_PeriodElapsedCallback
                0x0000000008002cd4       0x50 ./Core/Src/main.o
                0x0000000008002cd4                HAL_TIM_PeriodElapsedCallback
 .text.Error_Handler
                0x0000000008002d24        0xa ./Core/Src/main.o
                0x0000000008002d24                Error_Handler
 *fill*         0x0000000008002d2e        0x2 
 .text.HAL_MspInit
                0x0000000008002d30       0x48 ./Core/Src/stm32f0xx_hal_msp.o
                0x0000000008002d30                HAL_MspInit
 .text.HAL_I2C_MspInit
                0x0000000008002d78       0xac ./Core/Src/stm32f0xx_hal_msp.o
                0x0000000008002d78                HAL_I2C_MspInit
 .text.HAL_TIM_Base_MspInit
                0x0000000008002e24       0x4c ./Core/Src/stm32f0xx_hal_msp.o
                0x0000000008002e24                HAL_TIM_Base_MspInit
 .text.NMI_Handler
                0x0000000008002e70        0x6 ./Core/Src/stm32f0xx_it.o
                0x0000000008002e70                NMI_Handler
 .text.HardFault_Handler
                0x0000000008002e76        0x6 ./Core/Src/stm32f0xx_it.o
                0x0000000008002e76                HardFault_Handler
 .text.SVC_Handler
                0x0000000008002e7c        0xa ./Core/Src/stm32f0xx_it.o
                0x0000000008002e7c                SVC_Handler
 .text.PendSV_Handler
                0x0000000008002e86        0xa ./Core/Src/stm32f0xx_it.o
                0x0000000008002e86                PendSV_Handler
 .text.SysTick_Handler
                0x0000000008002e90        0xe ./Core/Src/stm32f0xx_it.o
                0x0000000008002e90                SysTick_Handler
 .text.EXTI4_15_IRQHandler
                0x0000000008002e9e       0x22 ./Core/Src/stm32f0xx_it.o
                0x0000000008002e9e                EXTI4_15_IRQHandler
 .text.TIM6_IRQHandler
                0x0000000008002ec0       0x18 ./Core/Src/stm32f0xx_it.o
                0x0000000008002ec0                TIM6_IRQHandler
 .text.I2C1_IRQHandler
                0x0000000008002ed8       0x30 ./Core/Src/stm32f0xx_it.o
                0x0000000008002ed8                I2C1_IRQHandler
 .text.USB_IRQHandler
                0x0000000008002f08       0x18 ./Core/Src/stm32f0xx_it.o
                0x0000000008002f08                USB_IRQHandler
 .text.SystemInit
                0x0000000008002f20        0xa ./Core/Src/system_stm32f0xx.o
                0x0000000008002f20                SystemInit
 *fill*         0x0000000008002f2a        0x2 
 .text.Reset_Handler
                0x0000000008002f2c       0x50 ./Core/Startup/startup_stm32f070cbtx.o
                0x0000000008002f2c                Reset_Handler
 .text.Default_Handler
                0x0000000008002f7c        0x2 ./Core/Startup/startup_stm32f070cbtx.o
                0x0000000008002f7c                TIM1_CC_IRQHandler
                0x0000000008002f7c                SPI1_IRQHandler
                0x0000000008002f7c                USART3_4_IRQHandler
                0x0000000008002f7c                EXTI2_3_IRQHandler
                0x0000000008002f7c                ADC1_IRQHandler
                0x0000000008002f7c                I2C2_IRQHandler
                0x0000000008002f7c                TIM17_IRQHandler
                0x0000000008002f7c                RTC_IRQHandler
                0x0000000008002f7c                TIM16_IRQHandler
                0x0000000008002f7c                TIM3_IRQHandler
                0x0000000008002f7c                RCC_IRQHandler
                0x0000000008002f7c                DMA1_Channel1_IRQHandler
                0x0000000008002f7c                Default_Handler
                0x0000000008002f7c                TIM14_IRQHandler
                0x0000000008002f7c                DMA1_Channel4_5_IRQHandler
                0x0000000008002f7c                TIM7_IRQHandler
                0x0000000008002f7c                TIM15_IRQHandler
                0x0000000008002f7c                EXTI0_1_IRQHandler
                0x0000000008002f7c                SPI2_IRQHandler
                0x0000000008002f7c                WWDG_IRQHandler
                0x0000000008002f7c                DMA1_Channel2_3_IRQHandler
                0x0000000008002f7c                USART2_IRQHandler
                0x0000000008002f7c                FLASH_IRQHandler
                0x0000000008002f7c                USART1_IRQHandler
                0x0000000008002f7c                TIM1_BRK_UP_TRG_COM_IRQHandler
 *fill*         0x0000000008002f7e        0x2 
 .text.HAL_Init
                0x0000000008002f80       0x28 ./Drivers/STM32F0xx_HAL_Driver/Src/stm32f0xx_hal.o
                0x0000000008002f80                HAL_Init
 .text.HAL_InitTick
                0x0000000008002fa8       0x68 ./Drivers/STM32F0xx_HAL_Driver/Src/stm32f0xx_hal.o
                0x0000000008002fa8                HAL_InitTick
 .text.HAL_IncTick
                0x0000000008003010       0x24 ./Drivers/STM32F0xx_HAL_Driver/Src/stm32f0xx_hal.o
                0x0000000008003010                HAL_IncTick
 .text.HAL_GetTick
                0x0000000008003034       0x14 ./Drivers/STM32F0xx_HAL_Driver/Src/stm32f0xx_hal.o
                0x0000000008003034                HAL_GetTick
 .text.HAL_Delay
                0x0000000008003048       0x48 ./Drivers/STM32F0xx_HAL_Driver/Src/stm32f0xx_hal.o
                0x0000000008003048                HAL_Delay
 .text.__NVIC_EnableIRQ
                0x0000000008003090       0x34 ./Drivers/STM32F0xx_HAL_Driver/Src/stm32f0xx_hal_cortex.o
 .text.__NVIC_SetPriority
                0x00000000080030c4       0xdc ./Drivers/STM32F0xx_HAL_Driver/Src/stm32f0xx_hal_cortex.o
 .text.SysTick_Config
                0x00000000080031a0       0x48 ./Drivers/STM32F0xx_HAL_Driver/Src/stm32f0xx_hal_cortex.o
 .text.HAL_NVIC_SetPriority
                0x00000000080031e8       0x2a ./Drivers/STM32F0xx_HAL_Driver/Src/stm32f0xx_hal_cortex.o
                0x00000000080031e8                HAL_NVIC_SetPriority
 .text.HAL_NVIC_EnableIRQ
                0x0000000008003212       0x20 ./Drivers/STM32F0xx_HAL_Driver/Src/stm32f0xx_hal_cortex.o
                0x0000000008003212                HAL_NVIC_EnableIRQ
 .text.HAL_SYSTICK_Config
                0x0000000008003232       0x1a ./Drivers/STM32F0xx_HAL_Driver/Src/stm32f0xx_hal_cortex.o
                0x0000000008003232                HAL_SYSTICK_Config
 .text.HAL_DMA_Abort_IT
                0x000000000800324c       0x8a ./Drivers/STM32F0xx_HAL_Driver/Src/stm32f0xx_hal_dma.o
                0x000000000800324c                HAL_DMA_Abort_IT
 .text.HAL_DMA_GetState
                0x00000000080032d6       0x18 ./Drivers/STM32F0xx_HAL_Driver/Src/stm32f0xx_hal_dma.o
                0x00000000080032d6                HAL_DMA_GetState
 *fill*         0x00000000080032ee        0x2 
 .text.HAL_GPIO_Init
                0x00000000080032f0      0x2e0 ./Drivers/STM32F0xx_HAL_Driver/Src/stm32f0xx_hal_gpio.o
                0x00000000080032f0                HAL_GPIO_Init
 .text.HAL_GPIO_WritePin
                0x00000000080035d0       0x3a ./Drivers/STM32F0xx_HAL_Driver/Src/stm32f0xx_hal_gpio.o
                0x00000000080035d0                HAL_GPIO_WritePin
 *fill*         0x000000000800360a        0x2 
 .text.HAL_GPIO_EXTI_IRQHandler
                0x000000000800360c       0x38 ./Drivers/STM32F0xx_HAL_Driver/Src/stm32f0xx_hal_gpio.o
                0x000000000800360c                HAL_GPIO_EXTI_IRQHandler
 .text.HAL_GPIO_EXTI_Callback
                0x0000000008003644       0x14 ./Drivers/STM32F0xx_HAL_Driver/Src/stm32f0xx_hal_gpio.o
                0x0000000008003644                HAL_GPIO_EXTI_Callback
 .text.HAL_I2C_Init
                0x0000000008003658      0x12c ./Drivers/STM32F0xx_HAL_Driver/Src/stm32f0xx_hal_i2c.o
                0x0000000008003658                HAL_I2C_Init
 .text.HAL_I2C_Master_Transmit
                0x0000000008003784      0x210 ./Drivers/STM32F0xx_HAL_Driver/Src/stm32f0xx_hal_i2c.o
                0x0000000008003784                HAL_I2C_Master_Transmit
 .text.HAL_I2C_EV_IRQHandler
                0x0000000008003994       0x34 ./Drivers/STM32F0xx_HAL_Driver/Src/stm32f0xx_hal_i2c.o
                0x0000000008003994                HAL_I2C_EV_IRQHandler
 .text.HAL_I2C_ER_IRQHandler
                0x00000000080039c8       0xb2 ./Drivers/STM32F0xx_HAL_Driver/Src/stm32f0xx_hal_i2c.o
                0x00000000080039c8                HAL_I2C_ER_IRQHandler
 .text.HAL_I2C_SlaveTxCpltCallback
                0x0000000008003a7a       0x10 ./Drivers/STM32F0xx_HAL_Driver/Src/stm32f0xx_hal_i2c.o
                0x0000000008003a7a                HAL_I2C_SlaveTxCpltCallback
 .text.HAL_I2C_SlaveRxCpltCallback
                0x0000000008003a8a       0x10 ./Drivers/STM32F0xx_HAL_Driver/Src/stm32f0xx_hal_i2c.o
                0x0000000008003a8a                HAL_I2C_SlaveRxCpltCallback
 .text.HAL_I2C_AddrCallback
                0x0000000008003a9a       0x20 ./Drivers/STM32F0xx_HAL_Driver/Src/stm32f0xx_hal_i2c.o
                0x0000000008003a9a                HAL_I2C_AddrCallback
 .text.HAL_I2C_ListenCpltCallback
                0x0000000008003aba       0x10 ./Drivers/STM32F0xx_HAL_Driver/Src/stm32f0xx_hal_i2c.o
                0x0000000008003aba                HAL_I2C_ListenCpltCallback
 .text.HAL_I2C_ErrorCallback
                0x0000000008003aca       0x10 ./Drivers/STM32F0xx_HAL_Driver/Src/stm32f0xx_hal_i2c.o
                0x0000000008003aca                HAL_I2C_ErrorCallback
 .text.HAL_I2C_AbortCpltCallback
                0x0000000008003ada       0x10 ./Drivers/STM32F0xx_HAL_Driver/Src/stm32f0xx_hal_i2c.o
                0x0000000008003ada                HAL_I2C_AbortCpltCallback
 *fill*         0x0000000008003aea        0x2 
 .text.I2C_Slave_ISR_IT
                0x0000000008003aec      0x200 ./Drivers/STM32F0xx_HAL_Driver/Src/stm32f0xx_hal_i2c.o
 .text.I2C_ITAddrCplt
                0x0000000008003cec      0x148 ./Drivers/STM32F0xx_HAL_Driver/Src/stm32f0xx_hal_i2c.o
 .text.I2C_ITSlaveSeqCplt
                0x0000000008003e34       0xc8 ./Drivers/STM32F0xx_HAL_Driver/Src/stm32f0xx_hal_i2c.o
 .text.I2C_ITSlaveCplt
                0x0000000008003efc      0x240 ./Drivers/STM32F0xx_HAL_Driver/Src/stm32f0xx_hal_i2c.o
 .text.I2C_ITListenCplt
                0x000000000800413c       0xb0 ./Drivers/STM32F0xx_HAL_Driver/Src/stm32f0xx_hal_i2c.o
 .text.I2C_ITError
                0x00000000080041ec      0x204 ./Drivers/STM32F0xx_HAL_Driver/Src/stm32f0xx_hal_i2c.o
 .text.I2C_TreatErrorCallback
                0x00000000080043f0       0x52 ./Drivers/STM32F0xx_HAL_Driver/Src/stm32f0xx_hal_i2c.o
 .text.I2C_Flush_TXDR
                0x0000000008004442       0x44 ./Drivers/STM32F0xx_HAL_Driver/Src/stm32f0xx_hal_i2c.o
 .text.I2C_DMAAbort
                0x0000000008004486       0x3e ./Drivers/STM32F0xx_HAL_Driver/Src/stm32f0xx_hal_i2c.o
 .text.I2C_WaitOnFlagUntilTimeout
                0x00000000080044c4       0x9c ./Drivers/STM32F0xx_HAL_Driver/Src/stm32f0xx_hal_i2c.o
 .text.I2C_WaitOnTXISFlagUntilTimeout
                0x0000000008004560       0x8c ./Drivers/STM32F0xx_HAL_Driver/Src/stm32f0xx_hal_i2c.o
 .text.I2C_WaitOnSTOPFlagUntilTimeout
                0x00000000080045ec       0x86 ./Drivers/STM32F0xx_HAL_Driver/Src/stm32f0xx_hal_i2c.o
 *fill*         0x0000000008004672        0x2 
 .text.I2C_IsErrorOccurred
                0x0000000008004674      0x200 ./Drivers/STM32F0xx_HAL_Driver/Src/stm32f0xx_hal_i2c.o
 .text.I2C_TransferConfig
                0x0000000008004874       0x74 ./Drivers/STM32F0xx_HAL_Driver/Src/stm32f0xx_hal_i2c.o
 .text.I2C_Disable_IRQ
                0x00000000080048e8       0xc6 ./Drivers/STM32F0xx_HAL_Driver/Src/stm32f0xx_hal_i2c.o
 *fill*         0x00000000080049ae        0x2 
 .text.HAL_I2CEx_ConfigAnalogFilter
                0x00000000080049b0       0x98 ./Drivers/STM32F0xx_HAL_Driver/Src/stm32f0xx_hal_i2c_ex.o
                0x00000000080049b0                HAL_I2CEx_ConfigAnalogFilter
 .text.HAL_I2CEx_ConfigDigitalFilter
                0x0000000008004a48       0x98 ./Drivers/STM32F0xx_HAL_Driver/Src/stm32f0xx_hal_i2c_ex.o
                0x0000000008004a48                HAL_I2CEx_ConfigDigitalFilter
 .text.HAL_PCD_Init
                0x0000000008004ae0      0x200 ./Drivers/STM32F0xx_HAL_Driver/Src/stm32f0xx_hal_pcd.o
                0x0000000008004ae0                HAL_PCD_Init
 .text.HAL_PCD_Start
                0x0000000008004ce0       0x4a ./Drivers/STM32F0xx_HAL_Driver/Src/stm32f0xx_hal_pcd.o
                0x0000000008004ce0                HAL_PCD_Start
 *fill*         0x0000000008004d2a        0x2 
 .text.HAL_PCD_IRQHandler
                0x0000000008004d2c      0x288 ./Drivers/STM32F0xx_HAL_Driver/Src/stm32f0xx_hal_pcd.o
                0x0000000008004d2c                HAL_PCD_IRQHandler
 .text.HAL_PCD_SetAddress
                0x0000000008004fb4       0x56 ./Drivers/STM32F0xx_HAL_Driver/Src/stm32f0xx_hal_pcd.o
                0x0000000008004fb4                HAL_PCD_SetAddress
 .text.HAL_PCD_EP_Open
                0x000000000800500a       0xde ./Drivers/STM32F0xx_HAL_Driver/Src/stm32f0xx_hal_pcd.o
                0x000000000800500a                HAL_PCD_EP_Open
 .text.HAL_PCD_EP_Close
                0x00000000080050e8       0xa2 ./Drivers/STM32F0xx_HAL_Driver/Src/stm32f0xx_hal_pcd.o
                0x00000000080050e8                HAL_PCD_EP_Close
 .text.HAL_PCD_EP_Receive
                0x000000000800518a       0x6e ./Drivers/STM32F0xx_HAL_Driver/Src/stm32f0xx_hal_pcd.o
                0x000000000800518a                HAL_PCD_EP_Receive
 .text.HAL_PCD_EP_Transmit
                0x00000000080051f8       0x78 ./Drivers/STM32F0xx_HAL_Driver/Src/stm32f0xx_hal_pcd.o
                0x00000000080051f8                HAL_PCD_EP_Transmit
 .text.HAL_PCD_EP_SetStall
                0x0000000008005270       0xb8 ./Drivers/STM32F0xx_HAL_Driver/Src/stm32f0xx_hal_pcd.o
                0x0000000008005270                HAL_PCD_EP_SetStall
 .text.HAL_PCD_EP_ClrStall
                0x0000000008005328       0xbc ./Drivers/STM32F0xx_HAL_Driver/Src/stm32f0xx_hal_pcd.o
                0x0000000008005328                HAL_PCD_EP_ClrStall
 .text.PCD_EP_ISR_Handler
                0x00000000080053e4      0x80c ./Drivers/STM32F0xx_HAL_Driver/Src/stm32f0xx_hal_pcd.o
 .text.HAL_PCD_EP_DB_Receive
                0x0000000008005bf0      0x238 ./Drivers/STM32F0xx_HAL_Driver/Src/stm32f0xx_hal_pcd.o
 .text.HAL_PCD_EP_DB_Transmit
                0x0000000008005e28      0x820 ./Drivers/STM32F0xx_HAL_Driver/Src/stm32f0xx_hal_pcd.o
 .text.HAL_PCDEx_PMAConfig
                0x0000000008006648       0x9c ./Drivers/STM32F0xx_HAL_Driver/Src/stm32f0xx_hal_pcd_ex.o
                0x0000000008006648                HAL_PCDEx_PMAConfig
 .text.HAL_PCDEx_ActivateLPM
                0x00000000080066e4       0x54 ./Drivers/STM32F0xx_HAL_Driver/Src/stm32f0xx_hal_pcd_ex.o
                0x00000000080066e4                HAL_PCDEx_ActivateLPM
 .text.HAL_PCDEx_LPM_Callback
                0x0000000008006738       0x16 ./Drivers/STM32F0xx_HAL_Driver/Src/stm32f0xx_hal_pcd_ex.o
                0x0000000008006738                HAL_PCDEx_LPM_Callback
 *fill*         0x000000000800674e        0x2 
 .text.HAL_RCC_OscConfig
                0x0000000008006750      0x63c ./Drivers/STM32F0xx_HAL_Driver/Src/stm32f0xx_hal_rcc.o
                0x0000000008006750                HAL_RCC_OscConfig
 .text.HAL_RCC_ClockConfig
                0x0000000008006d8c      0x19c ./Drivers/STM32F0xx_HAL_Driver/Src/stm32f0xx_hal_rcc.o
                0x0000000008006d8c                HAL_RCC_ClockConfig
 .text.HAL_RCC_GetSysClockFreq
                0x0000000008006f28       0xb0 ./Drivers/STM32F0xx_HAL_Driver/Src/stm32f0xx_hal_rcc.o
                0x0000000008006f28                HAL_RCC_GetSysClockFreq
 .text.HAL_RCCEx_PeriphCLKConfig
                0x0000000008006fd8      0x1bc ./Drivers/STM32F0xx_HAL_Driver/Src/stm32f0xx_hal_rcc_ex.o
                0x0000000008006fd8                HAL_RCCEx_PeriphCLKConfig
 .text.HAL_TIM_Base_Init
                0x0000000008007194       0xa0 ./Drivers/STM32F0xx_HAL_Driver/Src/stm32f0xx_hal_tim.o
                0x0000000008007194                HAL_TIM_Base_Init
 .text.HAL_TIM_Base_Start_IT
                0x0000000008007234       0x98 ./Drivers/STM32F0xx_HAL_Driver/Src/stm32f0xx_hal_tim.o
                0x0000000008007234                HAL_TIM_Base_Start_IT
 .text.HAL_TIM_IRQHandler
                0x00000000080072cc      0x22c ./Drivers/STM32F0xx_HAL_Driver/Src/stm32f0xx_hal_tim.o
                0x00000000080072cc                HAL_TIM_IRQHandler
 .text.HAL_TIM_OC_DelayElapsedCallback
                0x00000000080074f8       0x10 ./Drivers/STM32F0xx_HAL_Driver/Src/stm32f0xx_hal_tim.o
                0x00000000080074f8                HAL_TIM_OC_DelayElapsedCallback
 .text.HAL_TIM_IC_CaptureCallback
                0x0000000008007508       0x10 ./Drivers/STM32F0xx_HAL_Driver/Src/stm32f0xx_hal_tim.o
                0x0000000008007508                HAL_TIM_IC_CaptureCallback
 .text.HAL_TIM_PWM_PulseFinishedCallback
                0x0000000008007518       0x10 ./Drivers/STM32F0xx_HAL_Driver/Src/stm32f0xx_hal_tim.o
                0x0000000008007518                HAL_TIM_PWM_PulseFinishedCallback
 .text.HAL_TIM_TriggerCallback
                0x0000000008007528       0x10 ./Drivers/STM32F0xx_HAL_Driver/Src/stm32f0xx_hal_tim.o
                0x0000000008007528                HAL_TIM_TriggerCallback
 .text.TIM_Base_SetConfig
                0x0000000008007538       0xec ./Drivers/STM32F0xx_HAL_Driver/Src/stm32f0xx_hal_tim.o
                0x0000000008007538                TIM_Base_SetConfig
 .text.HAL_TIMEx_CommutCallback
                0x0000000008007624       0x10 ./Drivers/STM32F0xx_HAL_Driver/Src/stm32f0xx_hal_tim_ex.o
                0x0000000008007624                HAL_TIMEx_CommutCallback
 .text.HAL_TIMEx_BreakCallback
                0x0000000008007634       0x10 ./Drivers/STM32F0xx_HAL_Driver/Src/stm32f0xx_hal_tim_ex.o
                0x0000000008007634                HAL_TIMEx_BreakCallback
 .text.USB_EnableGlobalInt
                0x0000000008007644       0x2c ./Drivers/STM32F0xx_HAL_Driver/Src/stm32f0xx_ll_usb.o
                0x0000000008007644                USB_EnableGlobalInt
 .text.USB_DisableGlobalInt
                0x0000000008007670       0x34 ./Drivers/STM32F0xx_HAL_Driver/Src/stm32f0xx_ll_usb.o
                0x0000000008007670                USB_DisableGlobalInt
 .text.USB_DevInit
                0x00000000080076a4       0x4e ./Drivers/STM32F0xx_HAL_Driver/Src/stm32f0xx_ll_usb.o
                0x00000000080076a4                USB_DevInit
 *fill*         0x00000000080076f2        0x2 
 .text.USB_ActivateEndpoint
                0x00000000080076f4      0x744 ./Drivers/STM32F0xx_HAL_Driver/Src/stm32f0xx_ll_usb.o
                0x00000000080076f4                USB_ActivateEndpoint
 .text.USB_DeactivateEndpoint
                0x0000000008007e38      0x380 ./Drivers/STM32F0xx_HAL_Driver/Src/stm32f0xx_ll_usb.o
                0x0000000008007e38                USB_DeactivateEndpoint
 .text.USB_EPStartXfer
                0x00000000080081b8     0x1270 ./Drivers/STM32F0xx_HAL_Driver/Src/stm32f0xx_ll_usb.o
                0x00000000080081b8                USB_EPStartXfer
 .text.USB_EPSetStall
                0x0000000008009428       0xa0 ./Drivers/STM32F0xx_HAL_Driver/Src/stm32f0xx_ll_usb.o
                0x0000000008009428                USB_EPSetStall
 .text.USB_EPClearStall
                0x00000000080094c8      0x164 ./Drivers/STM32F0xx_HAL_Driver/Src/stm32f0xx_ll_usb.o
                0x00000000080094c8                USB_EPClearStall
 .text.USB_SetDevAddress
                0x000000000800962c       0x28 ./Drivers/STM32F0xx_HAL_Driver/Src/stm32f0xx_ll_usb.o
                0x000000000800962c                USB_SetDevAddress
 .text.USB_DevConnect
                0x0000000008009654       0x2c ./Drivers/STM32F0xx_HAL_Driver/Src/stm32f0xx_ll_usb.o
                0x0000000008009654                USB_DevConnect
 .text.USB_ReadInterrupts
                0x0000000008009680       0x1c ./Drivers/STM32F0xx_HAL_Driver/Src/stm32f0xx_ll_usb.o
                0x0000000008009680                USB_ReadInterrupts
 .text.USB_WritePMA
                0x000000000800969c       0x92 ./Drivers/STM32F0xx_HAL_Driver/Src/stm32f0xx_ll_usb.o
                0x000000000800969c                USB_WritePMA
 .text.USB_ReadPMA
                0x000000000800972e       0x9e ./Drivers/STM32F0xx_HAL_Driver/Src/stm32f0xx_ll_usb.o
                0x000000000800972e                USB_ReadPMA
 .text.USBD_CUSTOM_HID_Init
                0x00000000080097cc       0x9a ./Middlewares/ST/STM32_USB_Device_Library/Class/CustomHID/Src/usbd_customhid.o
 .text.USBD_CUSTOM_HID_DeInit
                0x0000000008009866       0x6c ./Middlewares/ST/STM32_USB_Device_Library/Class/CustomHID/Src/usbd_customhid.o
 *fill*         0x00000000080098d2        0x2 
 .text.USBD_CUSTOM_HID_Setup
                0x00000000080098d4      0x220 ./Middlewares/ST/STM32_USB_Device_Library/Class/CustomHID/Src/usbd_customhid.o
 .text.USBD_CUSTOM_HID_SendReport
                0x0000000008009af4       0x54 ./Middlewares/ST/STM32_USB_Device_Library/Class/CustomHID/Src/usbd_customhid.o
                0x0000000008009af4                USBD_CUSTOM_HID_SendReport
 .text.USBD_CUSTOM_HID_GetFSCfgDesc
                0x0000000008009b48       0x1c ./Middlewares/ST/STM32_USB_Device_Library/Class/CustomHID/Src/usbd_customhid.o
 .text.USBD_CUSTOM_HID_GetHSCfgDesc
                0x0000000008009b64       0x1c ./Middlewares/ST/STM32_USB_Device_Library/Class/CustomHID/Src/usbd_customhid.o
 .text.USBD_CUSTOM_HID_GetOtherSpeedCfgDesc
                0x0000000008009b80       0x1c ./Middlewares/ST/STM32_USB_Device_Library/Class/CustomHID/Src/usbd_customhid.o
 .text.USBD_CUSTOM_HID_DataIn
                0x0000000008009b9c       0x26 ./Middlewares/ST/STM32_USB_Device_Library/Class/CustomHID/Src/usbd_customhid.o
 .text.USBD_CUSTOM_HID_DataOut
                0x0000000008009bc2       0x40 ./Middlewares/ST/STM32_USB_Device_Library/Class/CustomHID/Src/usbd_customhid.o
 .text.USBD_CUSTOM_HID_EP0_RxReady
                0x0000000008009c02       0x3c ./Middlewares/ST/STM32_USB_Device_Library/Class/CustomHID/Src/usbd_customhid.o
 *fill*         0x0000000008009c3e        0x2 
 .text.USBD_CUSTOM_HID_GetDeviceQualifierDesc
                0x0000000008009c40       0x1c ./Middlewares/ST/STM32_USB_Device_Library/Class/CustomHID/Src/usbd_customhid.o
 .text.USBD_CUSTOM_HID_RegisterInterface
                0x0000000008009c5c       0x36 ./Middlewares/ST/STM32_USB_Device_Library/Class/CustomHID/Src/usbd_customhid.o
                0x0000000008009c5c                USBD_CUSTOM_HID_RegisterInterface
 .text.USBD_Init
                0x0000000008009c92       0x62 ./Middlewares/ST/STM32_USB_Device_Library/Core/Src/usbd_core.o
                0x0000000008009c92                USBD_Init
 .text.USBD_RegisterClass
                0x0000000008009cf4       0x40 ./Middlewares/ST/STM32_USB_Device_Library/Core/Src/usbd_core.o
                0x0000000008009cf4                USBD_RegisterClass
 .text.USBD_Start
                0x0000000008009d34       0x1a ./Middlewares/ST/STM32_USB_Device_Library/Core/Src/usbd_core.o
                0x0000000008009d34                USBD_Start
 .text.USBD_RunTestMode
                0x0000000008009d4e       0x12 ./Middlewares/ST/STM32_USB_Device_Library/Core/Src/usbd_core.o
                0x0000000008009d4e                USBD_RunTestMode
 .text.USBD_SetClassConfig
                0x0000000008009d60       0x4e ./Middlewares/ST/STM32_USB_Device_Library/Core/Src/usbd_core.o
                0x0000000008009d60                USBD_SetClassConfig
 .text.USBD_ClrClassConfig
                0x0000000008009dae       0x2c ./Middlewares/ST/STM32_USB_Device_Library/Core/Src/usbd_core.o
                0x0000000008009dae                USBD_ClrClassConfig
 *fill*         0x0000000008009dda        0x2 
 .text.USBD_LL_SetupStage
                0x0000000008009ddc       0xbc ./Middlewares/ST/STM32_USB_Device_Library/Core/Src/usbd_core.o
                0x0000000008009ddc                USBD_LL_SetupStage
 .text.USBD_LL_DataOutStage
                0x0000000008009e98      0x104 ./Middlewares/ST/STM32_USB_Device_Library/Core/Src/usbd_core.o
                0x0000000008009e98                USBD_LL_DataOutStage
 .text.USBD_LL_DataInStage
                0x0000000008009f9c      0x17a ./Middlewares/ST/STM32_USB_Device_Library/Core/Src/usbd_core.o
                0x0000000008009f9c                USBD_LL_DataInStage
 .text.USBD_LL_Reset
                0x000000000800a116       0x90 ./Middlewares/ST/STM32_USB_Device_Library/Core/Src/usbd_core.o
                0x000000000800a116                USBD_LL_Reset
 .text.USBD_LL_SetSpeed
                0x000000000800a1a6       0x20 ./Middlewares/ST/STM32_USB_Device_Library/Core/Src/usbd_core.o
                0x000000000800a1a6                USBD_LL_SetSpeed
 *fill*         0x000000000800a1c6        0x2 
 .text.USBD_LL_Suspend
                0x000000000800a1c8       0x30 ./Middlewares/ST/STM32_USB_Device_Library/Core/Src/usbd_core.o
                0x000000000800a1c8                USBD_LL_Suspend
 .text.USBD_LL_Resume
                0x000000000800a1f8       0x30 ./Middlewares/ST/STM32_USB_Device_Library/Core/Src/usbd_core.o
                0x000000000800a1f8                USBD_LL_Resume
 .text.USBD_LL_SOF
                0x000000000800a228       0x3c ./Middlewares/ST/STM32_USB_Device_Library/Core/Src/usbd_core.o
                0x000000000800a228                USBD_LL_SOF
 .text.USBD_StdDevReq
                0x000000000800a264       0xe4 ./Middlewares/ST/STM32_USB_Device_Library/Core/Src/usbd_ctlreq.o
                0x000000000800a264                USBD_StdDevReq
 .text.USBD_StdItfReq
                0x000000000800a348       0xae ./Middlewares/ST/STM32_USB_Device_Library/Core/Src/usbd_ctlreq.o
                0x000000000800a348                USBD_StdItfReq
 .text.USBD_StdEPReq
                0x000000000800a3f6      0x36c ./Middlewares/ST/STM32_USB_Device_Library/Core/Src/usbd_ctlreq.o
                0x000000000800a3f6                USBD_StdEPReq
 *fill*         0x000000000800a762        0x2 
 .text.USBD_GetDescriptor
                0x000000000800a764      0x364 ./Middlewares/ST/STM32_USB_Device_Library/Core/Src/usbd_ctlreq.o
 .text.USBD_SetAddress
                0x000000000800aac8       0xa8 ./Middlewares/ST/STM32_USB_Device_Library/Core/Src/usbd_ctlreq.o
 .text.USBD_SetConfig
                0x000000000800ab70      0x148 ./Middlewares/ST/STM32_USB_Device_Library/Core/Src/usbd_ctlreq.o
 .text.USBD_GetConfig
                0x000000000800acb8       0x76 ./Middlewares/ST/STM32_USB_Device_Library/Core/Src/usbd_ctlreq.o
 .text.USBD_GetStatus
                0x000000000800ad2e       0x74 ./Middlewares/ST/STM32_USB_Device_Library/Core/Src/usbd_ctlreq.o
 .text.USBD_SetFeature
                0x000000000800ada2       0x2c ./Middlewares/ST/STM32_USB_Device_Library/Core/Src/usbd_ctlreq.o
 .text.USBD_ClrFeature
                0x000000000800adce       0x4c ./Middlewares/ST/STM32_USB_Device_Library/Core/Src/usbd_ctlreq.o
 .text.USBD_ParseSetupRequest
                0x000000000800ae1a       0x76 ./Middlewares/ST/STM32_USB_Device_Library/Core/Src/usbd_ctlreq.o
                0x000000000800ae1a                USBD_ParseSetupRequest
 .text.USBD_CtlError
                0x000000000800ae90       0x26 ./Middlewares/ST/STM32_USB_Device_Library/Core/Src/usbd_ctlreq.o
                0x000000000800ae90                USBD_CtlError
 .text.USBD_GetString
                0x000000000800aeb6       0x9c ./Middlewares/ST/STM32_USB_Device_Library/Core/Src/usbd_ctlreq.o
                0x000000000800aeb6                USBD_GetString
 .text.USBD_GetLen
                0x000000000800af52       0x3a ./Middlewares/ST/STM32_USB_Device_Library/Core/Src/usbd_ctlreq.o
 .text.USBD_CtlSendData
                0x000000000800af8c       0x40 ./Middlewares/ST/STM32_USB_Device_Library/Core/Src/usbd_ioreq.o
                0x000000000800af8c                USBD_CtlSendData
 .text.USBD_CtlContinueSendData
                0x000000000800afcc       0x26 ./Middlewares/ST/STM32_USB_Device_Library/Core/Src/usbd_ioreq.o
                0x000000000800afcc                USBD_CtlContinueSendData
 .text.USBD_CtlPrepareRx
                0x000000000800aff2       0x48 ./Middlewares/ST/STM32_USB_Device_Library/Core/Src/usbd_ioreq.o
                0x000000000800aff2                USBD_CtlPrepareRx
 .text.USBD_CtlContinueRx
                0x000000000800b03a       0x26 ./Middlewares/ST/STM32_USB_Device_Library/Core/Src/usbd_ioreq.o
                0x000000000800b03a                USBD_CtlContinueRx
 .text.USBD_CtlSendStatus
                0x000000000800b060       0x28 ./Middlewares/ST/STM32_USB_Device_Library/Core/Src/usbd_ioreq.o
                0x000000000800b060                USBD_CtlSendStatus
 .text.USBD_CtlReceiveStatus
                0x000000000800b088       0x28 ./Middlewares/ST/STM32_USB_Device_Library/Core/Src/usbd_ioreq.o
                0x000000000800b088                USBD_CtlReceiveStatus
 .text.MX_USB_DEVICE_Init
                0x000000000800b0b0       0x68 ./USB_DEVICE/App/usb_device.o
                0x000000000800b0b0                MX_USB_DEVICE_Init
 .text.CUSTOM_HID_Init_FS
                0x000000000800b118        0xc ./USB_DEVICE/App/usbd_custom_hid_if.o
 .text.CUSTOM_HID_DeInit_FS
                0x000000000800b124        0xc ./USB_DEVICE/App/usbd_custom_hid_if.o
 .text.CUSTOM_HID_OutEvent_FS
                0x000000000800b130       0x20 ./USB_DEVICE/App/usbd_custom_hid_if.o
 .text.USB_Recieve_Task
                0x000000000800b150      0x114 ./USB_DEVICE/App/usbd_custom_hid_if.o
                0x000000000800b150                USB_Recieve_Task
 .text.USBD_FS_DeviceDescriptor
                0x000000000800b264       0x24 ./USB_DEVICE/App/usbd_desc.o
                0x000000000800b264                USBD_FS_DeviceDescriptor
 .text.USBD_FS_LangIDStrDescriptor
                0x000000000800b288       0x24 ./USB_DEVICE/App/usbd_desc.o
                0x000000000800b288                USBD_FS_LangIDStrDescriptor
 .text.USBD_FS_ProductStrDescriptor
                0x000000000800b2ac       0x44 ./USB_DEVICE/App/usbd_desc.o
                0x000000000800b2ac                USBD_FS_ProductStrDescriptor
 .text.USBD_FS_ManufacturerStrDescriptor
                0x000000000800b2f0       0x2c ./USB_DEVICE/App/usbd_desc.o
                0x000000000800b2f0                USBD_FS_ManufacturerStrDescriptor
 .text.USBD_FS_SerialStrDescriptor
                0x000000000800b31c       0x28 ./USB_DEVICE/App/usbd_desc.o
                0x000000000800b31c                USBD_FS_SerialStrDescriptor
 .text.USBD_FS_ConfigStrDescriptor
                0x000000000800b344       0x44 ./USB_DEVICE/App/usbd_desc.o
                0x000000000800b344                USBD_FS_ConfigStrDescriptor
 .text.USBD_FS_InterfaceStrDescriptor
                0x000000000800b388       0x44 ./USB_DEVICE/App/usbd_desc.o
                0x000000000800b388                USBD_FS_InterfaceStrDescriptor
 .text.Get_SerialNum
                0x000000000800b3cc       0x5c ./USB_DEVICE/App/usbd_desc.o
 .text.IntToUnicode
                0x000000000800b428       0x96 ./USB_DEVICE/App/usbd_desc.o
 *fill*         0x000000000800b4be        0x2 
 .text.HAL_PCD_MspInit
                0x000000000800b4c0       0x50 ./USB_DEVICE/Target/usbd_conf.o
                0x000000000800b4c0                HAL_PCD_MspInit
 .text.HAL_PCD_SetupStageCallback
                0x000000000800b510       0x2a ./USB_DEVICE/Target/usbd_conf.o
                0x000000000800b510                HAL_PCD_SetupStageCallback
 .text.HAL_PCD_DataOutStageCallback
                0x000000000800b53a       0x42 ./USB_DEVICE/Target/usbd_conf.o
                0x000000000800b53a                HAL_PCD_DataOutStageCallback
 .text.HAL_PCD_DataInStageCallback
                0x000000000800b57c       0x3c ./USB_DEVICE/Target/usbd_conf.o
                0x000000000800b57c                HAL_PCD_DataInStageCallback
 .text.HAL_PCD_SOFCallback
                0x000000000800b5b8       0x1e ./USB_DEVICE/Target/usbd_conf.o
                0x000000000800b5b8                HAL_PCD_SOFCallback
 .text.HAL_PCD_ResetCallback
                0x000000000800b5d6       0x48 ./USB_DEVICE/Target/usbd_conf.o
                0x000000000800b5d6                HAL_PCD_ResetCallback
 *fill*         0x000000000800b61e        0x2 
 .text.HAL_PCD_SuspendCallback
                0x000000000800b620       0x38 ./USB_DEVICE/Target/usbd_conf.o
                0x000000000800b620                HAL_PCD_SuspendCallback
 .text.HAL_PCD_ResumeCallback
                0x000000000800b658       0x3c ./USB_DEVICE/Target/usbd_conf.o
                0x000000000800b658                HAL_PCD_ResumeCallback
 .text.USBD_LL_Init
                0x000000000800b694       0xb0 ./USB_DEVICE/Target/usbd_conf.o
                0x000000000800b694                USBD_LL_Init
 .text.USBD_LL_Start
                0x000000000800b744       0x4a ./USB_DEVICE/Target/usbd_conf.o
                0x000000000800b744                USBD_LL_Start
 .text.USBD_LL_OpenEP
                0x000000000800b78e       0x6e ./USB_DEVICE/Target/usbd_conf.o
                0x000000000800b78e                USBD_LL_OpenEP
 .text.USBD_LL_CloseEP
                0x000000000800b7fc       0x56 ./USB_DEVICE/Target/usbd_conf.o
                0x000000000800b7fc                USBD_LL_CloseEP
 .text.USBD_LL_StallEP
                0x000000000800b852       0x56 ./USB_DEVICE/Target/usbd_conf.o
                0x000000000800b852                USBD_LL_StallEP
 .text.USBD_LL_ClearStallEP
                0x000000000800b8a8       0x56 ./USB_DEVICE/Target/usbd_conf.o
                0x000000000800b8a8                USBD_LL_ClearStallEP
 .text.USBD_LL_IsStallEP
                0x000000000800b8fe       0x62 ./USB_DEVICE/Target/usbd_conf.o
                0x000000000800b8fe                USBD_LL_IsStallEP
 .text.USBD_LL_SetUSBAddress
                0x000000000800b960       0x56 ./USB_DEVICE/Target/usbd_conf.o
                0x000000000800b960                USBD_LL_SetUSBAddress
 .text.USBD_LL_Transmit
                0x000000000800b9b6       0x6e ./USB_DEVICE/Target/usbd_conf.o
                0x000000000800b9b6                USBD_LL_Transmit
 .text.USBD_LL_PrepareReceive
                0x000000000800ba24       0x6e ./USB_DEVICE/Target/usbd_conf.o
                0x000000000800ba24                USBD_LL_PrepareReceive
 *fill*         0x000000000800ba92        0x2 
 .text.USBD_static_malloc
                0x000000000800ba94       0x18 ./USB_DEVICE/Target/usbd_conf.o
                0x000000000800ba94                USBD_static_malloc
 .text.USBD_static_free
                0x000000000800baac       0x10 ./USB_DEVICE/Target/usbd_conf.o
                0x000000000800baac                USBD_static_free
 .text.SystemClockConfig_Resume
                0x000000000800babc        0xe ./USB_DEVICE/Target/usbd_conf.o
 .text.USBD_Get_USB_Status
                0x000000000800baca       0x6e ./USB_DEVICE/Target/usbd_conf.o
 .text.fmodf    0x000000000800bb38       0x3a C:/ST/STM32CubeIDE_1.10.1/STM32CubeIDE/plugins/com.st.stm32cube.ide.mcu.externaltools.gnu-tools-for-stm32.11.3.rel1.win32_1.1.0.202305231506/tools/bin/../lib/gcc/arm-none-eabi/11.3.1/../../../../arm-none-eabi/lib/thumb/v6-m/nofp\libm.a(libm_a-wf_fmod.o)
                0x000000000800bb38                fmodf
 *fill*         0x000000000800bb72        0x2 
 .text.__ieee754_fmodf
                0x000000000800bb74      0x104 C:/ST/STM32CubeIDE_1.10.1/STM32CubeIDE/plugins/com.st.stm32cube.ide.mcu.externaltools.gnu-tools-for-stm32.11.3.rel1.win32_1.1.0.202305231506/tools/bin/../lib/gcc/arm-none-eabi/11.3.1/../../../../arm-none-eabi/lib/thumb/v6-m/nofp\libm.a(libm_a-ef_fmod.o)
                0x000000000800bb74                __ieee754_fmodf
 .text.memset   0x000000000800bc78       0x10 C:/ST/STM32CubeIDE_1.10.1/STM32CubeIDE/plugins/com.st.stm32cube.ide.mcu.externaltools.gnu-tools-for-stm32.11.3.rel1.win32_1.1.0.202305231506/tools/bin/../lib/gcc/arm-none-eabi/11.3.1/../../../../arm-none-eabi/lib/thumb/v6-m/nofp\libc_nano.a(libc_a-memset.o)
                0x000000000800bc78                memset
 .text.__errno  0x000000000800bc88        0xc C:/ST/STM32CubeIDE_1.10.1/STM32CubeIDE/plugins/com.st.stm32cube.ide.mcu.externaltools.gnu-tools-for-stm32.11.3.rel1.win32_1.1.0.202305231506/tools/bin/../lib/gcc/arm-none-eabi/11.3.1/../../../../arm-none-eabi/lib/thumb/v6-m/nofp\libc_nano.a(libc_a-errno.o)
                0x000000000800bc88                __errno
 .text.__libc_init_array
                0x000000000800bc94       0x48 C:/ST/STM32CubeIDE_1.10.1/STM32CubeIDE/plugins/com.st.stm32cube.ide.mcu.externaltools.gnu-tools-for-stm32.11.3.rel1.win32_1.1.0.202305231506/tools/bin/../lib/gcc/arm-none-eabi/11.3.1/../../../../arm-none-eabi/lib/thumb/v6-m/nofp\libc_nano.a(libc_a-init.o)
                0x000000000800bc94                __libc_init_array
 .text.memcpy   0x000000000800bcdc       0x12 C:/ST/STM32CubeIDE_1.10.1/STM32CubeIDE/plugins/com.st.stm32cube.ide.mcu.externaltools.gnu-tools-for-stm32.11.3.rel1.win32_1.1.0.202305231506/tools/bin/../lib/gcc/arm-none-eabi/11.3.1/../../../../arm-none-eabi/lib/thumb/v6-m/nofp\libc_nano.a(libc_a-memcpy-stub.o)
                0x000000000800bcdc                memcpy
 *(.glue_7)
 .glue_7        0x000000000800bcee        0x0 linker stubs
 *(.glue_7t)
 .glue_7t       0x000000000800bcee        0x0 linker stubs
 *(.eh_frame)
 *fill*         0x000000000800bcee        0x2 
 .eh_frame      0x000000000800bcf0        0x0 C:/ST/STM32CubeIDE_1.10.1/STM32CubeIDE/plugins/com.st.stm32cube.ide.mcu.externaltools.gnu-tools-for-stm32.11.3.rel1.win32_1.1.0.202305231506/tools/bin/../lib/gcc/arm-none-eabi/11.3.1/thumb/v6-m/nofp/crtbegin.o
 *(.init)
 .init          0x000000000800bcf0        0x4 C:/ST/STM32CubeIDE_1.10.1/STM32CubeIDE/plugins/com.st.stm32cube.ide.mcu.externaltools.gnu-tools-for-stm32.11.3.rel1.win32_1.1.0.202305231506/tools/bin/../lib/gcc/arm-none-eabi/11.3.1/thumb/v6-m/nofp/crti.o
                0x000000000800bcf0                _init
 .init          0x000000000800bcf4        0x8 C:/ST/STM32CubeIDE_1.10.1/STM32CubeIDE/plugins/com.st.stm32cube.ide.mcu.externaltools.gnu-tools-for-stm32.11.3.rel1.win32_1.1.0.202305231506/tools/bin/../lib/gcc/arm-none-eabi/11.3.1/thumb/v6-m/nofp/crtn.o
 *(.fini)
 .fini          0x000000000800bcfc        0x4 C:/ST/STM32CubeIDE_1.10.1/STM32CubeIDE/plugins/com.st.stm32cube.ide.mcu.externaltools.gnu-tools-for-stm32.11.3.rel1.win32_1.1.0.202305231506/tools/bin/../lib/gcc/arm-none-eabi/11.3.1/thumb/v6-m/nofp/crti.o
                0x000000000800bcfc                _fini
 .fini          0x000000000800bd00        0x8 C:/ST/STM32CubeIDE_1.10.1/STM32CubeIDE/plugins/com.st.stm32cube.ide.mcu.externaltools.gnu-tools-for-stm32.11.3.rel1.win32_1.1.0.202305231506/tools/bin/../lib/gcc/arm-none-eabi/11.3.1/thumb/v6-m/nofp/crtn.o
                0x000000000800bd08                . = ALIGN (0x4)
                0x000000000800bd08                _etext = .

.vfp11_veneer   0x000000000800bd08        0x0
 .vfp11_veneer  0x000000000800bd08        0x0 linker stubs

.v4_bx          0x000000000800bd08        0x0
 .v4_bx         0x000000000800bd08        0x0 linker stubs

.iplt           0x000000000800bd08        0x0
 .iplt          0x000000000800bd08        0x0 C:/ST/STM32CubeIDE_1.10.1/STM32CubeIDE/plugins/com.st.stm32cube.ide.mcu.externaltools.gnu-tools-for-stm32.11.3.rel1.win32_1.1.0.202305231506/tools/bin/../lib/gcc/arm-none-eabi/11.3.1/thumb/v6-m/nofp/crtbegin.o

.rodata         0x000000000800bd08      0x1f8
                0x000000000800bd08                . = ALIGN (0x4)
 *(.rodata)
 .rodata        0x000000000800bd08        0xc ./Core/Src/LED_Handler.o
 .rodata        0x000000000800bd14        0x4 ./Core/Src/main.o
 .rodata        0x000000000800bd18       0x4d ./USB_DEVICE/App/usbd_desc.o
 *fill*         0x000000000800bd65        0x3 
 .rodata        0x000000000800bd68       0x80 C:/ST/STM32CubeIDE_1.10.1/STM32CubeIDE/plugins/com.st.stm32cube.ide.mcu.externaltools.gnu-tools-for-stm32.11.3.rel1.win32_1.1.0.202305231506/tools/bin/../lib/gcc/arm-none-eabi/11.3.1/thumb/v6-m/nofp\libgcc.a(divsf3.o)
 *(.rodata*)
 .rodata.UpdateLightingConfiguration
                0x000000000800bde8       0x1c ./Core/Src/LED_Handler.o
 .rodata.LightingHandler
                0x000000000800be04       0x1c ./Core/Src/LED_Handler.o
 .rodata.HSVtoRGB
                0x000000000800be20       0x18 ./Core/Src/LP5024_Driver.o
 .rodata.AHBPrescTable
                0x000000000800be38       0x10 ./Core/Src/system_stm32f0xx.o
                0x000000000800be38                AHBPrescTable
 .rodata.aPLLMULFactorTable.1
                0x000000000800be48       0x10 ./Drivers/STM32F0xx_HAL_Driver/Src/stm32f0xx_hal_rcc.o
 .rodata.aPredivFactorTable.0
                0x000000000800be58       0x10 ./Drivers/STM32F0xx_HAL_Driver/Src/stm32f0xx_hal_rcc.o
 .rodata.USBD_CUSTOM_HID_Setup
                0x000000000800be68       0x30 ./Middlewares/ST/STM32_USB_Device_Library/Class/CustomHID/Src/usbd_customhid.o
 .rodata.USBD_StdDevReq
                0x000000000800be98       0x28 ./Middlewares/ST/STM32_USB_Device_Library/Core/Src/usbd_ctlreq.o
 .rodata.USBD_GetDescriptor
                0x000000000800bec0       0x38 ./Middlewares/ST/STM32_USB_Device_Library/Core/Src/usbd_ctlreq.o
 .rodata.Zero   0x000000000800bef8        0x8 C:/ST/STM32CubeIDE_1.10.1/STM32CubeIDE/plugins/com.st.stm32cube.ide.mcu.externaltools.gnu-tools-for-stm32.11.3.rel1.win32_1.1.0.202305231506/tools/bin/../lib/gcc/arm-none-eabi/11.3.1/../../../../arm-none-eabi/lib/thumb/v6-m/nofp\libm.a(libm_a-ef_fmod.o)
                0x000000000800bf00                . = ALIGN (0x4)

.rel.dyn        0x000000000800bf00        0x0
 .rel.iplt      0x000000000800bf00        0x0 C:/ST/STM32CubeIDE_1.10.1/STM32CubeIDE/plugins/com.st.stm32cube.ide.mcu.externaltools.gnu-tools-for-stm32.11.3.rel1.win32_1.1.0.202305231506/tools/bin/../lib/gcc/arm-none-eabi/11.3.1/thumb/v6-m/nofp/crtbegin.o

.ARM.extab      0x000000000800bf00        0x0
                0x000000000800bf00                . = ALIGN (0x4)
 *(.ARM.extab* .gnu.linkonce.armextab.*)
                0x000000000800bf00                . = ALIGN (0x4)

.ARM            0x000000000800bf00        0x0
                0x000000000800bf00                . = ALIGN (0x4)
                0x000000000800bf00                __exidx_start = .
 *(.ARM.exidx*)
                0x000000000800bf00                __exidx_end = .
                0x000000000800bf00                . = ALIGN (0x4)

.preinit_array  0x000000000800bf00        0x0
                0x000000000800bf00                . = ALIGN (0x4)
                0x000000000800bf00                PROVIDE (__preinit_array_start = .)
 *(.preinit_array*)
                0x000000000800bf00                PROVIDE (__preinit_array_end = .)
                0x000000000800bf00                . = ALIGN (0x4)

.init_array     0x000000000800bf00        0x4
                0x000000000800bf00                . = ALIGN (0x4)
                0x000000000800bf00                PROVIDE (__init_array_start = .)
 *(SORT_BY_NAME(.init_array.*))
 *(.init_array*)
 .init_array    0x000000000800bf00        0x4 C:/ST/STM32CubeIDE_1.10.1/STM32CubeIDE/plugins/com.st.stm32cube.ide.mcu.externaltools.gnu-tools-for-stm32.11.3.rel1.win32_1.1.0.202305231506/tools/bin/../lib/gcc/arm-none-eabi/11.3.1/thumb/v6-m/nofp/crtbegin.o
                0x000000000800bf04                PROVIDE (__init_array_end = .)
                0x000000000800bf04                . = ALIGN (0x4)

.fini_array     0x000000000800bf04        0x4
                0x000000000800bf04                . = ALIGN (0x4)
                [!provide]                        PROVIDE (__fini_array_start = .)
 *(SORT_BY_NAME(.fini_array.*))
 *(.fini_array*)
 .fini_array    0x000000000800bf04        0x4 C:/ST/STM32CubeIDE_1.10.1/STM32CubeIDE/plugins/com.st.stm32cube.ide.mcu.externaltools.gnu-tools-for-stm32.11.3.rel1.win32_1.1.0.202305231506/tools/bin/../lib/gcc/arm-none-eabi/11.3.1/thumb/v6-m/nofp/crtbegin.o
                [!provide]                        PROVIDE (__fini_array_end = .)
                0x000000000800bf08                . = ALIGN (0x4)
                0x000000000800bf08                _sidata = LOADADDR (.data)

.data           0x0000000020000000      0x1c0 load address 0x000000000800bf08
                0x0000000020000000                . = ALIGN (0x4)
                0x0000000020000000                _sdata = .
 *(.data)
 *(.data*)
 .data.activeLightingConfig
                0x0000000020000000        0x4 ./Core/Src/LED_Handler.o
                0x0000000020000000                activeLightingConfig
 .data.transitionDirection
                0x0000000020000004        0x4 ./Core/Src/LED_Handler.o
                0x0000000020000004                transitionDirection
 .data.hse_flag
                0x0000000020000008        0x1 ./Core/Src/main.o
                0x0000000020000008                hse_flag
 *fill*         0x0000000020000009        0x3 
 .data.SystemCoreClock
                0x000000002000000c        0x4 ./Core/Src/system_stm32f0xx.o
                0x000000002000000c                SystemCoreClock
 .data.uwTickPrio
                0x0000000020000010        0x4 ./Drivers/STM32F0xx_HAL_Driver/Src/stm32f0xx_hal.o
                0x0000000020000010                uwTickPrio
 .data.uwTickFreq
                0x0000000020000014        0x1 ./Drivers/STM32F0xx_HAL_Driver/Src/stm32f0xx_hal.o
                0x0000000020000014                uwTickFreq
 *fill*         0x0000000020000015        0x3 
 .data.USBD_CUSTOM_HID
                0x0000000020000018       0x38 ./Middlewares/ST/STM32_USB_Device_Library/Class/CustomHID/Src/usbd_customhid.o
                0x0000000020000018                USBD_CUSTOM_HID
 .data.USBD_CUSTOM_HID_CfgFSDesc
                0x0000000020000050       0x29 ./Middlewares/ST/STM32_USB_Device_Library/Class/CustomHID/Src/usbd_customhid.o
 *fill*         0x0000000020000079        0x3 
 .data.USBD_CUSTOM_HID_CfgHSDesc
                0x000000002000007c       0x29 ./Middlewares/ST/STM32_USB_Device_Library/Class/CustomHID/Src/usbd_customhid.o
 *fill*         0x00000000200000a5        0x3 
 .data.USBD_CUSTOM_HID_OtherSpeedCfgDesc
                0x00000000200000a8       0x29 ./Middlewares/ST/STM32_USB_Device_Library/Class/CustomHID/Src/usbd_customhid.o
 *fill*         0x00000000200000d1        0x3 
 .data.USBD_CUSTOM_HID_Desc
                0x00000000200000d4        0x9 ./Middlewares/ST/STM32_USB_Device_Library/Class/CustomHID/Src/usbd_customhid.o
 *fill*         0x00000000200000dd        0x3 
 .data.USBD_CUSTOM_HID_DeviceQualifierDesc
                0x00000000200000e0        0xa ./Middlewares/ST/STM32_USB_Device_Library/Class/CustomHID/Src/usbd_customhid.o
 *fill*         0x00000000200000ea        0x2 
 .data.CUSTOM_HID_ReportDesc_FS
                0x00000000200000ec       0x21 ./USB_DEVICE/App/usbd_custom_hid_if.o
 *fill*         0x000000002000010d        0x3 
 .data.USBD_CustomHID_fops_FS
                0x0000000020000110       0x10 ./USB_DEVICE/App/usbd_custom_hid_if.o
                0x0000000020000110                USBD_CustomHID_fops_FS
 .data.FS_Desc  0x0000000020000120       0x1c ./USB_DEVICE/App/usbd_desc.o
                0x0000000020000120                FS_Desc
 .data.USBD_FS_DeviceDesc
                0x000000002000013c       0x12 ./USB_DEVICE/App/usbd_desc.o
                0x000000002000013c                USBD_FS_DeviceDesc
 *fill*         0x000000002000014e        0x2 
 .data.USBD_LangIDDesc
                0x0000000020000150        0x4 ./USB_DEVICE/App/usbd_desc.o
                0x0000000020000150                USBD_LangIDDesc
 .data.USBD_StringSerial
                0x0000000020000154       0x1a ./USB_DEVICE/App/usbd_desc.o
                0x0000000020000154                USBD_StringSerial
 *fill*         0x000000002000016e        0x2 
 .data._impure_data
                0x0000000020000170       0x4c C:/ST/STM32CubeIDE_1.10.1/STM32CubeIDE/plugins/com.st.stm32cube.ide.mcu.externaltools.gnu-tools-for-stm32.11.3.rel1.win32_1.1.0.202305231506/tools/bin/../lib/gcc/arm-none-eabi/11.3.1/../../../../arm-none-eabi/lib/thumb/v6-m/nofp\libc_nano.a(libc_a-impure.o)
                0x0000000020000170                _impure_data
 .data._impure_ptr
                0x00000000200001bc        0x4 C:/ST/STM32CubeIDE_1.10.1/STM32CubeIDE/plugins/com.st.stm32cube.ide.mcu.externaltools.gnu-tools-for-stm32.11.3.rel1.win32_1.1.0.202305231506/tools/bin/../lib/gcc/arm-none-eabi/11.3.1/../../../../arm-none-eabi/lib/thumb/v6-m/nofp\libc_nano.a(libc_a-impure.o)
                0x00000000200001bc                _impure_ptr
 *(.RamFunc)
 *(.RamFunc*)
                0x00000000200001c0                . = ALIGN (0x4)
                0x00000000200001c0                _edata = .

.igot.plt       0x00000000200001c0        0x0 load address 0x000000000800c0c8
 .igot.plt      0x00000000200001c0        0x0 C:/ST/STM32CubeIDE_1.10.1/STM32CubeIDE/plugins/com.st.stm32cube.ide.mcu.externaltools.gnu-tools-for-stm32.11.3.rel1.win32_1.1.0.202305231506/tools/bin/../lib/gcc/arm-none-eabi/11.3.1/thumb/v6-m/nofp/crtbegin.o
                0x00000000200001c0                . = ALIGN (0x4)

.bss            0x00000000200001c0      0xa7c load address 0x000000000800c0c8
                0x00000000200001c0                _sbss = .
                0x00000000200001c0                __bss_start__ = _sbss
 *(.bss)
 .bss           0x00000000200001c0       0x1c C:/ST/STM32CubeIDE_1.10.1/STM32CubeIDE/plugins/com.st.stm32cube.ide.mcu.externaltools.gnu-tools-for-stm32.11.3.rel1.win32_1.1.0.202305231506/tools/bin/../lib/gcc/arm-none-eabi/11.3.1/thumb/v6-m/nofp/crtbegin.o
 *(.bss*)
 .bss.idleLightingConfig
                0x00000000200001dc       0x14 ./Core/Src/LED_Handler.o
                0x00000000200001dc                idleLightingConfig
 .bss.buttonPressLightingConfig
                0x00000000200001f0       0x14 ./Core/Src/LED_Handler.o
                0x00000000200001f0                buttonPressLightingConfig
 .bss.lidLiftLightingConfig
                0x0000000020000204       0x14 ./Core/Src/LED_Handler.o
                0x0000000020000204                lidLiftLightingConfig
 .bss.buttonConfig
                0x0000000020000218        0x4 ./Core/Src/LED_Handler.o
                0x0000000020000218                buttonConfig
 .bss.hue       0x000000002000021c        0x4 ./Core/Src/LED_Handler.o
                0x000000002000021c                hue
 .bss.t         0x0000000020000220        0x4 ./Core/Src/LED_Handler.o
                0x0000000020000220                t
 .bss.lastTick  0x0000000020000224        0x4 ./Core/Src/buttonHandler.o
 .bss.hi2c1     0x0000000020000228       0x54 ./Core/Src/main.o
                0x0000000020000228                hi2c1
 .bss.htim6     0x000000002000027c       0x48 ./Core/Src/main.o
                0x000000002000027c                htim6
 .bss.tx_buffer
                0x00000000200002c4       0x40 ./Core/Src/main.o
                0x00000000200002c4                tx_buffer
 .bss.flag_settingReq
                0x0000000020000304        0x1 ./Core/Src/main.o
                0x0000000020000304                flag_settingReq
 .bss.flag_btnLight
                0x0000000020000305        0x1 ./Core/Src/main.o
                0x0000000020000305                flag_btnLight
 .bss.reqSettingCnt
                0x0000000020000306        0x2 ./Core/Src/main.o
                0x0000000020000306                reqSettingCnt
 .bss.settingsLoaded
                0x0000000020000308        0x1 ./Core/Src/main.o
                0x0000000020000308                settingsLoaded
 .bss.update_led
                0x0000000020000309        0x1 ./Core/Src/main.o
                0x0000000020000309                update_led
 *fill*         0x000000002000030a        0x2 
 .bss.uwTick    0x000000002000030c        0x4 ./Drivers/STM32F0xx_HAL_Driver/Src/stm32f0xx_hal.o
                0x000000002000030c                uwTick
 .bss.cfgidx.0  0x0000000020000310        0x1 ./Middlewares/ST/STM32_USB_Device_Library/Core/Src/usbd_ctlreq.o
 *fill*         0x0000000020000311        0x3 
 .bss.hUsbDeviceFS
                0x0000000020000314      0x2c4 ./USB_DEVICE/App/usb_device.o
                0x0000000020000314                hUsbDeviceFS
 .bss.USBD_StrDesc
                0x00000000200005d8      0x200 ./USB_DEVICE/App/usbd_desc.o
                0x00000000200005d8                USBD_StrDesc
 .bss.hpcd_USB_FS
                0x00000000200007d8      0x2f4 ./USB_DEVICE/Target/usbd_conf.o
                0x00000000200007d8                hpcd_USB_FS
 .bss.mem.0     0x0000000020000acc       0x38 ./USB_DEVICE/Target/usbd_conf.o
 .bss.__sf      0x0000000020000b04      0x138 C:/ST/STM32CubeIDE_1.10.1/STM32CubeIDE/plugins/com.st.stm32cube.ide.mcu.externaltools.gnu-tools-for-stm32.11.3.rel1.win32_1.1.0.202305231506/tools/bin/../lib/gcc/arm-none-eabi/11.3.1/../../../../arm-none-eabi/lib/thumb/v6-m/nofp\libc_nano.a(libc_a-findfp.o)
                0x0000000020000b04                __sf
 *(COMMON)
                0x0000000020000c3c                . = ALIGN (0x4)
                0x0000000020000c3c                _ebss = .
                0x0000000020000c3c                __bss_end__ = _ebss

._user_heap_stack
                0x0000000020000c3c      0x604 load address 0x000000000800c0c8
                0x0000000020000c40                . = ALIGN (0x8)
 *fill*         0x0000000020000c3c        0x4 
                [!provide]                        PROVIDE (end = .)
                0x0000000020000c40                PROVIDE (_end = .)
                0x0000000020000e40                . = (. + _Min_Heap_Size)
 *fill*         0x0000000020000c40      0x200 
                0x0000000020001240                . = (. + _Min_Stack_Size)
 *fill*         0x0000000020000e40      0x400 
                0x0000000020001240                . = ALIGN (0x8)

/DISCARD/
 libc.a(*)
 libm.a(*)
 libgcc.a(*)

.ARM.attributes
                0x0000000000000000       0x28
 *(.ARM.attributes)
 .ARM.attributes
                0x0000000000000000       0x1e C:/ST/STM32CubeIDE_1.10.1/STM32CubeIDE/plugins/com.st.stm32cube.ide.mcu.externaltools.gnu-tools-for-stm32.11.3.rel1.win32_1.1.0.202305231506/tools/bin/../lib/gcc/arm-none-eabi/11.3.1/thumb/v6-m/nofp/crti.o
 .ARM.attributes
                0x000000000000001e       0x2c C:/ST/STM32CubeIDE_1.10.1/STM32CubeIDE/plugins/com.st.stm32cube.ide.mcu.externaltools.gnu-tools-for-stm32.11.3.rel1.win32_1.1.0.202305231506/tools/bin/../lib/gcc/arm-none-eabi/11.3.1/thumb/v6-m/nofp/crtbegin.o
 .ARM.attributes
                0x000000000000004a       0x2c ./Core/Src/LED_Handler.o
 .ARM.attributes
                0x0000000000000076       0x2c ./Core/Src/LP5024_Driver.o
 .ARM.attributes
                0x00000000000000a2       0x2c ./Core/Src/buttonHandler.o
 .ARM.attributes
                0x00000000000000ce       0x2c ./Core/Src/main.o
 .ARM.attributes
                0x00000000000000fa       0x2c ./Core/Src/stm32f0xx_hal_msp.o
 .ARM.attributes
                0x0000000000000126       0x2c ./Core/Src/stm32f0xx_it.o
 .ARM.attributes
                0x0000000000000152       0x2c ./Core/Src/system_stm32f0xx.o
 .ARM.attributes
                0x000000000000017e       0x21 ./Core/Startup/startup_stm32f070cbtx.o
 .ARM.attributes
                0x000000000000019f       0x2c ./Drivers/STM32F0xx_HAL_Driver/Src/stm32f0xx_hal.o
 .ARM.attributes
                0x00000000000001cb       0x2c ./Drivers/STM32F0xx_HAL_Driver/Src/stm32f0xx_hal_cortex.o
 .ARM.attributes
                0x00000000000001f7       0x2c ./Drivers/STM32F0xx_HAL_Driver/Src/stm32f0xx_hal_dma.o
 .ARM.attributes
                0x0000000000000223       0x2c ./Drivers/STM32F0xx_HAL_Driver/Src/stm32f0xx_hal_gpio.o
 .ARM.attributes
                0x000000000000024f       0x2c ./Drivers/STM32F0xx_HAL_Driver/Src/stm32f0xx_hal_i2c.o
 .ARM.attributes
                0x000000000000027b       0x2c ./Drivers/STM32F0xx_HAL_Driver/Src/stm32f0xx_hal_i2c_ex.o
 .ARM.attributes
                0x00000000000002a7       0x2c ./Drivers/STM32F0xx_HAL_Driver/Src/stm32f0xx_hal_pcd.o
 .ARM.attributes
                0x00000000000002d3       0x2c ./Drivers/STM32F0xx_HAL_Driver/Src/stm32f0xx_hal_pcd_ex.o
 .ARM.attributes
                0x00000000000002ff       0x2c ./Drivers/STM32F0xx_HAL_Driver/Src/stm32f0xx_hal_rcc.o
 .ARM.attributes
                0x000000000000032b       0x2c ./Drivers/STM32F0xx_HAL_Driver/Src/stm32f0xx_hal_rcc_ex.o
 .ARM.attributes
                0x0000000000000357       0x2c ./Drivers/STM32F0xx_HAL_Driver/Src/stm32f0xx_hal_tim.o
 .ARM.attributes
                0x0000000000000383       0x2c ./Drivers/STM32F0xx_HAL_Driver/Src/stm32f0xx_hal_tim_ex.o
 .ARM.attributes
                0x00000000000003af       0x2c ./Drivers/STM32F0xx_HAL_Driver/Src/stm32f0xx_ll_usb.o
 .ARM.attributes
                0x00000000000003db       0x2c ./Middlewares/ST/STM32_USB_Device_Library/Class/CustomHID/Src/usbd_customhid.o
 .ARM.attributes
                0x0000000000000407       0x2c ./Middlewares/ST/STM32_USB_Device_Library/Core/Src/usbd_core.o
 .ARM.attributes
                0x0000000000000433       0x2c ./Middlewares/ST/STM32_USB_Device_Library/Core/Src/usbd_ctlreq.o
 .ARM.attributes
                0x000000000000045f       0x2c ./Middlewares/ST/STM32_USB_Device_Library/Core/Src/usbd_ioreq.o
 .ARM.attributes
                0x000000000000048b       0x2c ./USB_DEVICE/App/usb_device.o
 .ARM.attributes
                0x00000000000004b7       0x2c ./USB_DEVICE/App/usbd_custom_hid_if.o
 .ARM.attributes
                0x00000000000004e3       0x2c ./USB_DEVICE/App/usbd_desc.o
 .ARM.attributes
                0x000000000000050f       0x2c ./USB_DEVICE/Target/usbd_conf.o
 .ARM.attributes
                0x000000000000053b       0x2c C:/ST/STM32CubeIDE_1.10.1/STM32CubeIDE/plugins/com.st.stm32cube.ide.mcu.externaltools.gnu-tools-for-stm32.11.3.rel1.win32_1.1.0.202305231506/tools/bin/../lib/gcc/arm-none-eabi/11.3.1/../../../../arm-none-eabi/lib/thumb/v6-m/nofp\libm.a(libm_a-wf_fmod.o)
 .ARM.attributes
                0x0000000000000567       0x2c C:/ST/STM32CubeIDE_1.10.1/STM32CubeIDE/plugins/com.st.stm32cube.ide.mcu.externaltools.gnu-tools-for-stm32.11.3.rel1.win32_1.1.0.202305231506/tools/bin/../lib/gcc/arm-none-eabi/11.3.1/../../../../arm-none-eabi/lib/thumb/v6-m/nofp\libm.a(libm_a-ef_fmod.o)
 .ARM.attributes
                0x0000000000000593       0x2c C:/ST/STM32CubeIDE_1.10.1/STM32CubeIDE/plugins/com.st.stm32cube.ide.mcu.externaltools.gnu-tools-for-stm32.11.3.rel1.win32_1.1.0.202305231506/tools/bin/../lib/gcc/arm-none-eabi/11.3.1/../../../../arm-none-eabi/lib/thumb/v6-m/nofp\libc_nano.a(libc_a-findfp.o)
 .ARM.attributes
                0x00000000000005bf       0x2c C:/ST/STM32CubeIDE_1.10.1/STM32CubeIDE/plugins/com.st.stm32cube.ide.mcu.externaltools.gnu-tools-for-stm32.11.3.rel1.win32_1.1.0.202305231506/tools/bin/../lib/gcc/arm-none-eabi/11.3.1/../../../../arm-none-eabi/lib/thumb/v6-m/nofp\libc_nano.a(libc_a-memset.o)
 .ARM.attributes
                0x00000000000005eb       0x2c C:/ST/STM32CubeIDE_1.10.1/STM32CubeIDE/plugins/com.st.stm32cube.ide.mcu.externaltools.gnu-tools-for-stm32.11.3.rel1.win32_1.1.0.202305231506/tools/bin/../lib/gcc/arm-none-eabi/11.3.1/../../../../arm-none-eabi/lib/thumb/v6-m/nofp\libc_nano.a(libc_a-impure.o)
 .ARM.attributes
                0x0000000000000617       0x2c C:/ST/STM32CubeIDE_1.10.1/STM32CubeIDE/plugins/com.st.stm32cube.ide.mcu.externaltools.gnu-tools-for-stm32.11.3.rel1.win32_1.1.0.202305231506/tools/bin/../lib/gcc/arm-none-eabi/11.3.1/../../../../arm-none-eabi/lib/thumb/v6-m/nofp\libc_nano.a(libc_a-errno.o)
 .ARM.attributes
                0x0000000000000643       0x2c C:/ST/STM32CubeIDE_1.10.1/STM32CubeIDE/plugins/com.st.stm32cube.ide.mcu.externaltools.gnu-tools-for-stm32.11.3.rel1.win32_1.1.0.202305231506/tools/bin/../lib/gcc/arm-none-eabi/11.3.1/../../../../arm-none-eabi/lib/thumb/v6-m/nofp\libc_nano.a(libc_a-init.o)
 .ARM.attributes
                0x000000000000066f       0x2c C:/ST/STM32CubeIDE_1.10.1/STM32CubeIDE/plugins/com.st.stm32cube.ide.mcu.externaltools.gnu-tools-for-stm32.11.3.rel1.win32_1.1.0.202305231506/tools/bin/../lib/gcc/arm-none-eabi/11.3.1/../../../../arm-none-eabi/lib/thumb/v6-m/nofp\libc_nano.a(libc_a-memcpy-stub.o)
 .ARM.attributes
                0x000000000000069b       0x1e C:/ST/STM32CubeIDE_1.10.1/STM32CubeIDE/plugins/com.st.stm32cube.ide.mcu.externaltools.gnu-tools-for-stm32.11.3.rel1.win32_1.1.0.202305231506/tools/bin/../lib/gcc/arm-none-eabi/11.3.1/thumb/v6-m/nofp\libgcc.a(_udivsi3.o)
 .ARM.attributes
                0x00000000000006b9       0x1e C:/ST/STM32CubeIDE_1.10.1/STM32CubeIDE/plugins/com.st.stm32cube.ide.mcu.externaltools.gnu-tools-for-stm32.11.3.rel1.win32_1.1.0.202305231506/tools/bin/../lib/gcc/arm-none-eabi/11.3.1/thumb/v6-m/nofp\libgcc.a(_divsi3.o)
 .ARM.attributes
                0x00000000000006d7       0x1e C:/ST/STM32CubeIDE_1.10.1/STM32CubeIDE/plugins/com.st.stm32cube.ide.mcu.externaltools.gnu-tools-for-stm32.11.3.rel1.win32_1.1.0.202305231506/tools/bin/../lib/gcc/arm-none-eabi/11.3.1/thumb/v6-m/nofp\libgcc.a(_dvmd_tls.o)
 .ARM.attributes
                0x00000000000006f5       0x1e C:/ST/STM32CubeIDE_1.10.1/STM32CubeIDE/plugins/com.st.stm32cube.ide.mcu.externaltools.gnu-tools-for-stm32.11.3.rel1.win32_1.1.0.202305231506/tools/bin/../lib/gcc/arm-none-eabi/11.3.1/thumb/v6-m/nofp\libgcc.a(_arm_cmpsf2.o)
 .ARM.attributes
                0x0000000000000713       0x2c C:/ST/STM32CubeIDE_1.10.1/STM32CubeIDE/plugins/com.st.stm32cube.ide.mcu.externaltools.gnu-tools-for-stm32.11.3.rel1.win32_1.1.0.202305231506/tools/bin/../lib/gcc/arm-none-eabi/11.3.1/thumb/v6-m/nofp\libgcc.a(addsf3.o)
 .ARM.attributes
                0x000000000000073f       0x2c C:/ST/STM32CubeIDE_1.10.1/STM32CubeIDE/plugins/com.st.stm32cube.ide.mcu.externaltools.gnu-tools-for-stm32.11.3.rel1.win32_1.1.0.202305231506/tools/bin/../lib/gcc/arm-none-eabi/11.3.1/thumb/v6-m/nofp\libgcc.a(divsf3.o)
 .ARM.attributes
                0x000000000000076b       0x2c C:/ST/STM32CubeIDE_1.10.1/STM32CubeIDE/plugins/com.st.stm32cube.ide.mcu.externaltools.gnu-tools-for-stm32.11.3.rel1.win32_1.1.0.202305231506/tools/bin/../lib/gcc/arm-none-eabi/11.3.1/thumb/v6-m/nofp\libgcc.a(eqsf2.o)
 .ARM.attributes
                0x0000000000000797       0x2c C:/ST/STM32CubeIDE_1.10.1/STM32CubeIDE/plugins/com.st.stm32cube.ide.mcu.externaltools.gnu-tools-for-stm32.11.3.rel1.win32_1.1.0.202305231506/tools/bin/../lib/gcc/arm-none-eabi/11.3.1/thumb/v6-m/nofp\libgcc.a(gesf2.o)
 .ARM.attributes
                0x00000000000007c3       0x2c C:/ST/STM32CubeIDE_1.10.1/STM32CubeIDE/plugins/com.st.stm32cube.ide.mcu.externaltools.gnu-tools-for-stm32.11.3.rel1.win32_1.1.0.202305231506/tools/bin/../lib/gcc/arm-none-eabi/11.3.1/thumb/v6-m/nofp\libgcc.a(lesf2.o)
 .ARM.attributes
                0x00000000000007ef       0x2c C:/ST/STM32CubeIDE_1.10.1/STM32CubeIDE/plugins/com.st.stm32cube.ide.mcu.externaltools.gnu-tools-for-stm32.11.3.rel1.win32_1.1.0.202305231506/tools/bin/../lib/gcc/arm-none-eabi/11.3.1/thumb/v6-m/nofp\libgcc.a(mulsf3.o)
 .ARM.attributes
                0x000000000000081b       0x2c C:/ST/STM32CubeIDE_1.10.1/STM32CubeIDE/plugins/com.st.stm32cube.ide.mcu.externaltools.gnu-tools-for-stm32.11.3.rel1.win32_1.1.0.202305231506/tools/bin/../lib/gcc/arm-none-eabi/11.3.1/thumb/v6-m/nofp\libgcc.a(subsf3.o)
 .ARM.attributes
                0x0000000000000847       0x2c C:/ST/STM32CubeIDE_1.10.1/STM32CubeIDE/plugins/com.st.stm32cube.ide.mcu.externaltools.gnu-tools-for-stm32.11.3.rel1.win32_1.1.0.202305231506/tools/bin/../lib/gcc/arm-none-eabi/11.3.1/thumb/v6-m/nofp\libgcc.a(unordsf2.o)
 .ARM.attributes
                0x0000000000000873       0x2c C:/ST/STM32CubeIDE_1.10.1/STM32CubeIDE/plugins/com.st.stm32cube.ide.mcu.externaltools.gnu-tools-for-stm32.11.3.rel1.win32_1.1.0.202305231506/tools/bin/../lib/gcc/arm-none-eabi/11.3.1/thumb/v6-m/nofp\libgcc.a(fixsfsi.o)
 .ARM.attributes
                0x000000000000089f       0x2c C:/ST/STM32CubeIDE_1.10.1/STM32CubeIDE/plugins/com.st.stm32cube.ide.mcu.externaltools.gnu-tools-for-stm32.11.3.rel1.win32_1.1.0.202305231506/tools/bin/../lib/gcc/arm-none-eabi/11.3.1/thumb/v6-m/nofp\libgcc.a(floatsisf.o)
 .ARM.attributes
                0x00000000000008cb       0x1e C:/ST/STM32CubeIDE_1.10.1/STM32CubeIDE/plugins/com.st.stm32cube.ide.mcu.externaltools.gnu-tools-for-stm32.11.3.rel1.win32_1.1.0.202305231506/tools/bin/../lib/gcc/arm-none-eabi/11.3.1/thumb/v6-m/nofp\libgcc.a(_clzsi2.o)
 .ARM.attributes
                0x00000000000008e9       0x1e C:/ST/STM32CubeIDE_1.10.1/STM32CubeIDE/plugins/com.st.stm32cube.ide.mcu.externaltools.gnu-tools-for-stm32.11.3.rel1.win32_1.1.0.202305231506/tools/bin/../lib/gcc/arm-none-eabi/11.3.1/thumb/v6-m/nofp/crtn.o
OUTPUT(Main-Firmware.elf elf32-littlearm)
LOAD linker stubs
LOAD C:/ST/STM32CubeIDE_1.10.1/STM32CubeIDE/plugins/com.st.stm32cube.ide.mcu.externaltools.gnu-tools-for-stm32.11.3.rel1.win32_1.1.0.202305231506/tools/bin/../lib/gcc/arm-none-eabi/11.3.1/../../../../arm-none-eabi/lib/thumb/v6-m/nofp\libc.a
LOAD C:/ST/STM32CubeIDE_1.10.1/STM32CubeIDE/plugins/com.st.stm32cube.ide.mcu.externaltools.gnu-tools-for-stm32.11.3.rel1.win32_1.1.0.202305231506/tools/bin/../lib/gcc/arm-none-eabi/11.3.1/../../../../arm-none-eabi/lib/thumb/v6-m/nofp\libm.a
LOAD C:/ST/STM32CubeIDE_1.10.1/STM32CubeIDE/plugins/com.st.stm32cube.ide.mcu.externaltools.gnu-tools-for-stm32.11.3.rel1.win32_1.1.0.202305231506/tools/bin/../lib/gcc/arm-none-eabi/11.3.1/thumb/v6-m/nofp\libgcc.a

.comment        0x0000000000000000       0x43
 .comment       0x0000000000000000       0x43 C:/ST/STM32CubeIDE_1.10.1/STM32CubeIDE/plugins/com.st.stm32cube.ide.mcu.externaltools.gnu-tools-for-stm32.11.3.rel1.win32_1.1.0.202305231506/tools/bin/../lib/gcc/arm-none-eabi/11.3.1/thumb/v6-m/nofp/crtbegin.o
                                         0x44 (size before relaxing)
 .comment       0x0000000000000043       0x44 ./Core/Src/LED_Handler.o
 .comment       0x0000000000000043       0x44 ./Core/Src/LP5024_Driver.o
 .comment       0x0000000000000043       0x44 ./Core/Src/buttonHandler.o
 .comment       0x0000000000000043       0x44 ./Core/Src/main.o
 .comment       0x0000000000000043       0x44 ./Core/Src/stm32f0xx_hal_msp.o
 .comment       0x0000000000000043       0x44 ./Core/Src/stm32f0xx_it.o
 .comment       0x0000000000000043       0x44 ./Core/Src/system_stm32f0xx.o
 .comment       0x0000000000000043       0x44 ./Drivers/STM32F0xx_HAL_Driver/Src/stm32f0xx_hal.o
 .comment       0x0000000000000043       0x44 ./Drivers/STM32F0xx_HAL_Driver/Src/stm32f0xx_hal_cortex.o
 .comment       0x0000000000000043       0x44 ./Drivers/STM32F0xx_HAL_Driver/Src/stm32f0xx_hal_dma.o
 .comment       0x0000000000000043       0x44 ./Drivers/STM32F0xx_HAL_Driver/Src/stm32f0xx_hal_gpio.o
 .comment       0x0000000000000043       0x44 ./Drivers/STM32F0xx_HAL_Driver/Src/stm32f0xx_hal_i2c.o
 .comment       0x0000000000000043       0x44 ./Drivers/STM32F0xx_HAL_Driver/Src/stm32f0xx_hal_i2c_ex.o
 .comment       0x0000000000000043       0x44 ./Drivers/STM32F0xx_HAL_Driver/Src/stm32f0xx_hal_pcd.o
 .comment       0x0000000000000043       0x44 ./Drivers/STM32F0xx_HAL_Driver/Src/stm32f0xx_hal_pcd_ex.o
 .comment       0x0000000000000043       0x44 ./Drivers/STM32F0xx_HAL_Driver/Src/stm32f0xx_hal_rcc.o
 .comment       0x0000000000000043       0x44 ./Drivers/STM32F0xx_HAL_Driver/Src/stm32f0xx_hal_rcc_ex.o
 .comment       0x0000000000000043       0x44 ./Drivers/STM32F0xx_HAL_Driver/Src/stm32f0xx_hal_tim.o
 .comment       0x0000000000000043       0x44 ./Drivers/STM32F0xx_HAL_Driver/Src/stm32f0xx_hal_tim_ex.o
 .comment       0x0000000000000043       0x44 ./Drivers/STM32F0xx_HAL_Driver/Src/stm32f0xx_ll_usb.o
 .comment       0x0000000000000043       0x44 ./Middlewares/ST/STM32_USB_Device_Library/Class/CustomHID/Src/usbd_customhid.o
 .comment       0x0000000000000043       0x44 ./Middlewares/ST/STM32_USB_Device_Library/Core/Src/usbd_core.o
 .comment       0x0000000000000043       0x44 ./Middlewares/ST/STM32_USB_Device_Library/Core/Src/usbd_ctlreq.o
 .comment       0x0000000000000043       0x44 ./Middlewares/ST/STM32_USB_Device_Library/Core/Src/usbd_ioreq.o
 .comment       0x0000000000000043       0x44 ./USB_DEVICE/App/usb_device.o
 .comment       0x0000000000000043       0x44 ./USB_DEVICE/App/usbd_custom_hid_if.o
 .comment       0x0000000000000043       0x44 ./USB_DEVICE/App/usbd_desc.o
 .comment       0x0000000000000043       0x44 ./USB_DEVICE/Target/usbd_conf.o

.debug_info     0x0000000000000000    0x15694
 .debug_info    0x0000000000000000      0x6a7 ./Core/Src/LED_Handler.o
 .debug_info    0x00000000000006a7      0x9f3 ./Core/Src/LP5024_Driver.o
 .debug_info    0x000000000000109a      0x665 ./Core/Src/buttonHandler.o
 .debug_info    0x00000000000016ff     0x167b ./Core/Src/main.o
 .debug_info    0x0000000000002d7a      0xd66 ./Core/Src/stm32f0xx_hal_msp.o
 .debug_info    0x0000000000003ae0      0xeda ./Core/Src/stm32f0xx_it.o
 .debug_info    0x00000000000049ba      0x242 ./Core/Src/system_stm32f0xx.o
 .debug_info    0x0000000000004bfc       0x23 ./Core/Startup/startup_stm32f070cbtx.o
 .debug_info    0x0000000000004c1f      0x682 ./Drivers/STM32F0xx_HAL_Driver/Src/stm32f0xx_hal.o
 .debug_info    0x00000000000052a1      0x6ad ./Drivers/STM32F0xx_HAL_Driver/Src/stm32f0xx_hal_cortex.o
 .debug_info    0x000000000000594e      0x700 ./Drivers/STM32F0xx_HAL_Driver/Src/stm32f0xx_hal_dma.o
 .debug_info    0x000000000000604e      0x5bf ./Drivers/STM32F0xx_HAL_Driver/Src/stm32f0xx_hal_gpio.o
 .debug_info    0x000000000000660d     0x2052 ./Drivers/STM32F0xx_HAL_Driver/Src/stm32f0xx_hal_i2c.o
 .debug_info    0x000000000000865f      0x7e8 ./Drivers/STM32F0xx_HAL_Driver/Src/stm32f0xx_hal_i2c_ex.o
 .debug_info    0x0000000000008e47     0x15db ./Drivers/STM32F0xx_HAL_Driver/Src/stm32f0xx_hal_pcd.o
 .debug_info    0x000000000000a422      0x80a ./Drivers/STM32F0xx_HAL_Driver/Src/stm32f0xx_hal_pcd_ex.o
 .debug_info    0x000000000000ac2c      0x844 ./Drivers/STM32F0xx_HAL_Driver/Src/stm32f0xx_hal_rcc.o
 .debug_info    0x000000000000b470      0x39a ./Drivers/STM32F0xx_HAL_Driver/Src/stm32f0xx_hal_rcc_ex.o
 .debug_info    0x000000000000b80a     0x2928 ./Drivers/STM32F0xx_HAL_Driver/Src/stm32f0xx_hal_tim.o
 .debug_info    0x000000000000e132     0x1488 ./Drivers/STM32F0xx_HAL_Driver/Src/stm32f0xx_hal_tim_ex.o
 .debug_info    0x000000000000f5ba     0x15fa ./Drivers/STM32F0xx_HAL_Driver/Src/stm32f0xx_ll_usb.o
 .debug_info    0x0000000000010bb4      0xab1 ./Middlewares/ST/STM32_USB_Device_Library/Class/CustomHID/Src/usbd_customhid.o
 .debug_info    0x0000000000011665      0xa52 ./Middlewares/ST/STM32_USB_Device_Library/Core/Src/usbd_core.o
 .debug_info    0x00000000000120b7      0x91c ./Middlewares/ST/STM32_USB_Device_Library/Core/Src/usbd_ctlreq.o
 .debug_info    0x00000000000129d3      0x6a0 ./Middlewares/ST/STM32_USB_Device_Library/Core/Src/usbd_ioreq.o
 .debug_info    0x0000000000013073      0x61a ./USB_DEVICE/App/usb_device.o
 .debug_info    0x000000000001368d      0x476 ./USB_DEVICE/App/usbd_custom_hid_if.o
 .debug_info    0x0000000000013b03      0x44a ./USB_DEVICE/App/usbd_desc.o
 .debug_info    0x0000000000013f4d     0x1747 ./USB_DEVICE/Target/usbd_conf.o

.debug_abbrev   0x0000000000000000     0x3c62
 .debug_abbrev  0x0000000000000000      0x1f2 ./Core/Src/LED_Handler.o
 .debug_abbrev  0x00000000000001f2      0x226 ./Core/Src/LP5024_Driver.o
 .debug_abbrev  0x0000000000000418      0x1d5 ./Core/Src/buttonHandler.o
 .debug_abbrev  0x00000000000005ed      0x344 ./Core/Src/main.o
 .debug_abbrev  0x0000000000000931      0x1e2 ./Core/Src/stm32f0xx_hal_msp.o
 .debug_abbrev  0x0000000000000b13      0x1e6 ./Core/Src/stm32f0xx_it.o
 .debug_abbrev  0x0000000000000cf9      0x11c ./Core/Src/system_stm32f0xx.o
 .debug_abbrev  0x0000000000000e15       0x12 ./Core/Startup/startup_stm32f070cbtx.o
 .debug_abbrev  0x0000000000000e27      0x24b ./Drivers/STM32F0xx_HAL_Driver/Src/stm32f0xx_hal.o
 .debug_abbrev  0x0000000000001072      0x28c ./Drivers/STM32F0xx_HAL_Driver/Src/stm32f0xx_hal_cortex.o
 .debug_abbrev  0x00000000000012fe      0x1ef ./Drivers/STM32F0xx_HAL_Driver/Src/stm32f0xx_hal_dma.o
 .debug_abbrev  0x00000000000014ed      0x1ca ./Drivers/STM32F0xx_HAL_Driver/Src/stm32f0xx_hal_gpio.o
 .debug_abbrev  0x00000000000016b7      0x270 ./Drivers/STM32F0xx_HAL_Driver/Src/stm32f0xx_hal_i2c.o
 .debug_abbrev  0x0000000000001927      0x1d4 ./Drivers/STM32F0xx_HAL_Driver/Src/stm32f0xx_hal_i2c_ex.o
 .debug_abbrev  0x0000000000001afb      0x2b2 ./Drivers/STM32F0xx_HAL_Driver/Src/stm32f0xx_hal_pcd.o
 .debug_abbrev  0x0000000000001dad      0x228 ./Drivers/STM32F0xx_HAL_Driver/Src/stm32f0xx_hal_pcd_ex.o
 .debug_abbrev  0x0000000000001fd5      0x28b ./Drivers/STM32F0xx_HAL_Driver/Src/stm32f0xx_hal_rcc.o
 .debug_abbrev  0x0000000000002260      0x16e ./Drivers/STM32F0xx_HAL_Driver/Src/stm32f0xx_hal_rcc_ex.o
 .debug_abbrev  0x00000000000023ce      0x28c ./Drivers/STM32F0xx_HAL_Driver/Src/stm32f0xx_hal_tim.o
 .debug_abbrev  0x000000000000265a      0x297 ./Drivers/STM32F0xx_HAL_Driver/Src/stm32f0xx_hal_tim_ex.o
 .debug_abbrev  0x00000000000028f1      0x23f ./Drivers/STM32F0xx_HAL_Driver/Src/stm32f0xx_ll_usb.o
 .debug_abbrev  0x0000000000002b30      0x273 ./Middlewares/ST/STM32_USB_Device_Library/Class/CustomHID/Src/usbd_customhid.o
 .debug_abbrev  0x0000000000002da3      0x24a ./Middlewares/ST/STM32_USB_Device_Library/Core/Src/usbd_core.o
 .debug_abbrev  0x0000000000002fed      0x26b ./Middlewares/ST/STM32_USB_Device_Library/Core/Src/usbd_ctlreq.o
 .debug_abbrev  0x0000000000003258      0x192 ./Middlewares/ST/STM32_USB_Device_Library/Core/Src/usbd_ioreq.o
 .debug_abbrev  0x00000000000033ea      0x18d ./USB_DEVICE/App/usb_device.o
 .debug_abbrev  0x0000000000003577      0x1ab ./USB_DEVICE/App/usbd_custom_hid_if.o
 .debug_abbrev  0x0000000000003722      0x1ff ./USB_DEVICE/App/usbd_desc.o
 .debug_abbrev  0x0000000000003921      0x341 ./USB_DEVICE/Target/usbd_conf.o

.debug_aranges  0x0000000000000000     0x1370
 .debug_aranges
                0x0000000000000000       0x58 ./Core/Src/LED_Handler.o
 .debug_aranges
                0x0000000000000058       0x58 ./Core/Src/LP5024_Driver.o
 .debug_aranges
                0x00000000000000b0       0x30 ./Core/Src/buttonHandler.o
 .debug_aranges
                0x00000000000000e0       0x50 ./Core/Src/main.o
 .debug_aranges
                0x0000000000000130       0x40 ./Core/Src/stm32f0xx_hal_msp.o
 .debug_aranges
                0x0000000000000170       0x60 ./Core/Src/stm32f0xx_it.o
 .debug_aranges
                0x00000000000001d0       0x28 ./Core/Src/system_stm32f0xx.o
 .debug_aranges
                0x00000000000001f8       0x28 ./Core/Startup/startup_stm32f070cbtx.o
 .debug_aranges
                0x0000000000000220       0xd0 ./Drivers/STM32F0xx_HAL_Driver/Src/stm32f0xx_hal.o
 .debug_aranges
                0x00000000000002f0       0xc0 ./Drivers/STM32F0xx_HAL_Driver/Src/stm32f0xx_hal_cortex.o
 .debug_aranges
                0x00000000000003b0       0x88 ./Drivers/STM32F0xx_HAL_Driver/Src/stm32f0xx_hal_dma.o
 .debug_aranges
                0x0000000000000438       0x58 ./Drivers/STM32F0xx_HAL_Driver/Src/stm32f0xx_hal_gpio.o
 .debug_aranges
                0x0000000000000490      0x2a0 ./Drivers/STM32F0xx_HAL_Driver/Src/stm32f0xx_hal_i2c.o
 .debug_aranges
                0x0000000000000730       0x38 ./Drivers/STM32F0xx_HAL_Driver/Src/stm32f0xx_hal_i2c_ex.o
 .debug_aranges
                0x0000000000000768      0x138 ./Drivers/STM32F0xx_HAL_Driver/Src/stm32f0xx_hal_pcd.o
 .debug_aranges
                0x00000000000008a0       0x58 ./Drivers/STM32F0xx_HAL_Driver/Src/stm32f0xx_hal_pcd_ex.o
 .debug_aranges
                0x00000000000008f8       0x80 ./Drivers/STM32F0xx_HAL_Driver/Src/stm32f0xx_hal_rcc.o
 .debug_aranges
                0x0000000000000978       0x30 ./Drivers/STM32F0xx_HAL_Driver/Src/stm32f0xx_hal_rcc_ex.o
 .debug_aranges
                0x00000000000009a8      0x3d0 ./Drivers/STM32F0xx_HAL_Driver/Src/stm32f0xx_hal_tim.o
 .debug_aranges
                0x0000000000000d78      0x168 ./Drivers/STM32F0xx_HAL_Driver/Src/stm32f0xx_hal_tim_ex.o
 .debug_aranges
                0x0000000000000ee0       0xb8 ./Drivers/STM32F0xx_HAL_Driver/Src/stm32f0xx_ll_usb.o
 .debug_aranges
                0x0000000000000f98       0x78 ./Middlewares/ST/STM32_USB_Device_Library/Class/CustomHID/Src/usbd_customhid.o
 .debug_aranges
                0x0000000000001010       0xb8 ./Middlewares/ST/STM32_USB_Device_Library/Core/Src/usbd_core.o
 .debug_aranges
                0x00000000000010c8       0x88 ./Middlewares/ST/STM32_USB_Device_Library/Core/Src/usbd_ctlreq.o
 .debug_aranges
                0x0000000000001150       0x50 ./Middlewares/ST/STM32_USB_Device_Library/Core/Src/usbd_ioreq.o
 .debug_aranges
                0x00000000000011a0       0x20 ./USB_DEVICE/App/usb_device.o
 .debug_aranges
                0x00000000000011c0       0x38 ./USB_DEVICE/App/usbd_custom_hid_if.o
 .debug_aranges
                0x00000000000011f8       0x60 ./USB_DEVICE/App/usbd_desc.o
 .debug_aranges
                0x0000000000001258      0x118 ./USB_DEVICE/Target/usbd_conf.o

.debug_rnglists
                0x0000000000000000      0xee3
 .debug_rnglists
                0x0000000000000000       0x41 ./Core/Src/LED_Handler.o
 .debug_rnglists
                0x0000000000000041       0x41 ./Core/Src/LP5024_Driver.o
 .debug_rnglists
                0x0000000000000082       0x20 ./Core/Src/buttonHandler.o
 .debug_rnglists
                0x00000000000000a2       0x3b ./Core/Src/main.o
 .debug_rnglists
                0x00000000000000dd       0x2c ./Core/Src/stm32f0xx_hal_msp.o
 .debug_rnglists
                0x0000000000000109       0x43 ./Core/Src/stm32f0xx_it.o
 .debug_rnglists
                0x000000000000014c       0x1a ./Core/Src/system_stm32f0xx.o
 .debug_rnglists
                0x0000000000000166       0x19 ./Core/Startup/startup_stm32f070cbtx.o
 .debug_rnglists
                0x000000000000017f       0x97 ./Drivers/STM32F0xx_HAL_Driver/Src/stm32f0xx_hal.o
 .debug_rnglists
                0x0000000000000216       0x8c ./Drivers/STM32F0xx_HAL_Driver/Src/stm32f0xx_hal_cortex.o
 .debug_rnglists
                0x00000000000002a2       0x6a ./Drivers/STM32F0xx_HAL_Driver/Src/stm32f0xx_hal_dma.o
 .debug_rnglists
                0x000000000000030c       0x3f ./Drivers/STM32F0xx_HAL_Driver/Src/stm32f0xx_hal_gpio.o
 .debug_rnglists
                0x000000000000034b      0x229 ./Drivers/STM32F0xx_HAL_Driver/Src/stm32f0xx_hal_i2c.o
 .debug_rnglists
                0x0000000000000574       0x27 ./Drivers/STM32F0xx_HAL_Driver/Src/stm32f0xx_hal_i2c_ex.o
 .debug_rnglists
                0x000000000000059b       0xee ./Drivers/STM32F0xx_HAL_Driver/Src/stm32f0xx_hal_pcd.o
 .debug_rnglists
                0x0000000000000689       0x3f ./Drivers/STM32F0xx_HAL_Driver/Src/stm32f0xx_hal_pcd_ex.o